Archive member included to satisfy reference by file (symbol)

../Middlewares/ST/AI/Lib\NetworkRuntime1020_CM4_GCC.a(ai_platform.o)
                              ./X-CUBE-AI/App/network.o (ai_buffer_array_item_set_address)
../Middlewares/ST/AI/Lib\NetworkRuntime1020_CM4_GCC.a(ai_platform_interface.o)
                              ./X-CUBE-AI/App/network.o (ai_platform_get_weights_map)
../Middlewares/ST/AI/Lib\NetworkRuntime1020_CM4_GCC.a(core_common.o)
                              ../Middlewares/ST/AI/Lib\NetworkRuntime1020_CM4_GCC.a(ai_platform_interface.o) (core_init)
../Middlewares/ST/AI/Lib\NetworkRuntime1020_CM4_GCC.a(core_mem_manager.o)
                              ../Middlewares/ST/AI/Lib\NetworkRuntime1020_CM4_GCC.a(ai_platform_interface.o) (core_mem_alloc)
../Middlewares/ST/AI/Lib\NetworkRuntime1020_CM4_GCC.a(layers.o)
                              ../Middlewares/ST/AI/Lib\NetworkRuntime1020_CM4_GCC.a(ai_platform_interface.o) (ai_check_custom_types)
../Middlewares/ST/AI/Lib\NetworkRuntime1020_CM4_GCC.a(layers_conv2d_sssa8_ch.o)
                              ./X-CUBE-AI/App/network.o (forward_conv2d_deep_sssa8_ch)
../Middlewares/ST/AI/Lib\NetworkRuntime1020_CM4_GCC.a(layers_conv2d_stm32_integer.o)
                              ./X-CUBE-AI/App/network.o (forward_dense_integer_SSSA_ch)
../Middlewares/ST/AI/Lib\NetworkRuntime1020_CM4_GCC.a(layers_generic_float.o)
                              ./X-CUBE-AI/App/network.o (forward_pad)
../Middlewares/ST/AI/Lib\NetworkRuntime1020_CM4_GCC.a(layers_nl_stm32_integer.o)
                              ./X-CUBE-AI/App/network.o (forward_sm_integer)
../Middlewares/ST/AI/Lib\NetworkRuntime1020_CM4_GCC.a(layers_pad_generic.o)
                              ../Middlewares/ST/AI/Lib\NetworkRuntime1020_CM4_GCC.a(layers_generic_float.o) (forward_pad_8bit_ch1st_3x3_constant)
../Middlewares/ST/AI/Lib\NetworkRuntime1020_CM4_GCC.a(layers_pool_stm32_integer.o)
                              ./X-CUBE-AI/App/network.o (forward_mp_integer_INT8)
../Middlewares/ST/AI/Lib\NetworkRuntime1020_CM4_GCC.a(layers_resize.o)
                              ../Middlewares/ST/AI/Lib\NetworkRuntime1020_CM4_GCC.a(layers_generic_float.o) (forward_resize_nearest_if32of32)
../Middlewares/ST/AI/Lib\NetworkRuntime1020_CM4_GCC.a(layers_conv2d_integer_scratch.o)
                              ../Middlewares/ST/AI/Lib\NetworkRuntime1020_CM4_GCC.a(layers.o) (get_dense_scratch_size_s8)
../Middlewares/ST/AI/Lib\NetworkRuntime1020_CM4_GCC.a(forward_lite_argminmax.o)
                              ../Middlewares/ST/AI/Lib\NetworkRuntime1020_CM4_GCC.a(layers_generic_float.o) (forward_lite_argmax_if32)
../Middlewares/ST/AI/Lib\NetworkRuntime1020_CM4_GCC.a(forward_lite_dense_is8os8ws8_ch.o)
                              ../Middlewares/ST/AI/Lib\NetworkRuntime1020_CM4_GCC.a(layers_conv2d_stm32_integer.o) (forward_lite_dense_is8os8ws8_ch)
../Middlewares/ST/AI/Lib\NetworkRuntime1020_CM4_GCC.a(forward_lite_dense_is8os8ws8.o)
                              ../Middlewares/ST/AI/Lib\NetworkRuntime1020_CM4_GCC.a(layers_conv2d_stm32_integer.o) (forward_lite_dense_is8os8ws8)
../Middlewares/ST/AI/Lib\NetworkRuntime1020_CM4_GCC.a(forward_lite_maxpool_is8os8_scalepos.o)
                              ../Middlewares/ST/AI/Lib\NetworkRuntime1020_CM4_GCC.a(layers_pool_stm32_integer.o) (forward_lite_maxpool_is8os8_scalepos)
../Middlewares/ST/AI/Lib\NetworkRuntime1020_CM4_GCC.a(forward_lite_avepool_is8os8.o)
                              ../Middlewares/ST/AI/Lib\NetworkRuntime1020_CM4_GCC.a(layers_pool_stm32_integer.o) (forward_lite_avepool_is8os8)
../Middlewares/ST/AI/Lib\NetworkRuntime1020_CM4_GCC.a(forward_lite_conv2d_sssa8_ch.o)
                              ../Middlewares/ST/AI/Lib\NetworkRuntime1020_CM4_GCC.a(layers_conv2d_sssa8_ch.o) (forward_lite_conv2d_dilated_sssa8_ch)
../Middlewares/ST/AI/Lib\NetworkRuntime1020_CM4_GCC.a(lite_argminmax_if32_kernel.o)
                              ../Middlewares/ST/AI/Lib\NetworkRuntime1020_CM4_GCC.a(forward_lite_argminmax.o) (forward_lite_argmax_f32_kernel_ch)
../Middlewares/ST/AI/Lib\NetworkRuntime1020_CM4_GCC.a(lite_argminmax_is8_kernel.o)
                              ../Middlewares/ST/AI/Lib\NetworkRuntime1020_CM4_GCC.a(forward_lite_argminmax.o) (forward_lite_argmax_s8_kernel)
../Middlewares/ST/AI/Lib\NetworkRuntime1020_CM4_GCC.a(forward_lite_maxpool_is16os16.o)
                              ../Middlewares/ST/AI/Lib\NetworkRuntime1020_CM4_GCC.a(layers_pool_stm32_integer.o) (forward_lite_maxpool_is16os16_scalepos)
../Middlewares/ST/AI/Lib\NetworkRuntime1020_CM4_GCC.a(forward_lite_maxpool_is8os8.o)
                              ../Middlewares/ST/AI/Lib\NetworkRuntime1020_CM4_GCC.a(layers_pool_stm32_integer.o) (forward_lite_maxpool_is8os8_scaleneg)
../Middlewares/ST/AI/Lib\NetworkRuntime1020_CM4_GCC.a(forward_lite_maxpool_iu16ou16.o)
                              ../Middlewares/ST/AI/Lib\NetworkRuntime1020_CM4_GCC.a(layers_pool_stm32_integer.o) (forward_lite_maxpool_iu16ou16_scalepos)
[...]
Memory Configuration

Name             Origin             Length             Attributes
RAM              0x20000000         0x00010000         xrw
FLASH            0x08000000         0x00040000         xr
*default*        0x00000000         0xffffffff

Linker script and memory map

LOAD C:/ST/STM32CubeIDE_1.13.2/STM32CubeIDE/plugins/com.st.stm32cube.ide.mcu.externaltools.gnu-tools-for-stm32.13.3.rel1.win32_1.0.0.202411081344/tools/bin/../lib/gcc/arm-none-eabi/13.3.1/thumb/v7e-m+fp/hard/crti.o
LOAD C:/ST/STM32CubeIDE_1.13.2/STM32CubeIDE/plugins/com.st.stm32cube.ide.mcu.externaltools.gnu-tools-for-stm32.13.3.rel1.win32_1.0.0.202411081344/tools/bin/../lib/gcc/arm-none-eabi/13.3.1/thumb/v7e-m+fp/hard/crtbegin.o
LOAD C:/ST/STM32CubeIDE_1.13.2/STM32CubeIDE/plugins/com.st.stm32cube.ide.mcu.externaltools.gnu-tools-for-stm32.13.3.rel1.win32_1.0.0.202411081344/tools/bin/../lib/gcc/arm-none-eabi/13.3.1/../../../../arm-none-eabi/lib/thumb/v7e-m+fp/hard/crt0.o
LOAD ./Core/Src/crc.o
LOAD ./Core/Src/gpio.o
LOAD ./Core/Src/main.o
LOAD ./Core/Src/stm32f4xx_hal_msp.o
LOAD ./Core/Src/stm32f4xx_it.o
LOAD ./Core/Src/syscalls.o
LOAD ./Core/Src/sysmem.o
LOAD ./Core/Src/system_stm32f4xx.o
LOAD ./Core/Src/tim.o
LOAD ./Core/Src/usart.o
LOAD ./Core/Startup/startup_stm32f401rctx.o
LOAD ./Drivers/STM32F4xx_HAL_Driver/Src/stm32f4xx_hal.o
LOAD ./Drivers/STM32F4xx_HAL_Driver/Src/stm32f4xx_hal_cortex.o
LOAD ./Drivers/STM32F4xx_HAL_Driver/Src/stm32f4xx_hal_crc.o
LOAD ./Drivers/STM32F4xx_HAL_Driver/Src/stm32f4xx_hal_dma.o
LOAD ./Drivers/STM32F4xx_HAL_Driver/Src/stm32f4xx_hal_dma_ex.o
LOAD ./Drivers/STM32F4xx_HAL_Driver/Src/stm32f4xx_hal_exti.o
LOAD ./Drivers/STM32F4xx_HAL_Driver/Src/stm32f4xx_hal_flash.o
LOAD ./Drivers/STM32F4xx_HAL_Driver/Src/stm32f4xx_hal_flash_ex.o
LOAD ./Drivers/STM32F4xx_HAL_Driver/Src/stm32f4xx_hal_flash_ramfunc.o
LOAD ./Drivers/STM32F4xx_HAL_Driver/Src/stm32f4xx_hal_gpio.o
LOAD ./Drivers/STM32F4xx_HAL_Driver/Src/stm32f4xx_hal_pwr.o
LOAD ./Drivers/STM32F4xx_HAL_Driver/Src/stm32f4xx_hal_pwr_ex.o
LOAD ./Drivers/STM32F4xx_HAL_Driver/Src/stm32f4xx_hal_rcc.o
LOAD ./Drivers/STM32F4xx_HAL_Driver/Src/stm32f4xx_hal_rcc_ex.o
LOAD ./Drivers/STM32F4xx_HAL_Driver/Src/stm32f4xx_hal_tim.o
LOAD ./Drivers/STM32F4xx_HAL_Driver/Src/stm32f4xx_hal_tim_ex.o
LOAD ./Drivers/STM32F4xx_HAL_Driver/Src/stm32f4xx_hal_uart.o
LOAD ./X-CUBE-AI/App/network.o
LOAD ./X-CUBE-AI/App/network_data.o
LOAD ./X-CUBE-AI/App/network_data_params.o
LOAD ../Middlewares/ST/AI/Lib\NetworkRuntime1020_CM4_GCC.a
START GROUP
LOAD C:/ST/STM32CubeIDE_1.13.2/STM32CubeIDE/plugins/com.st.stm32cube.ide.mcu.externaltools.gnu-tools-for-stm32.13.3.rel1.win32_1.0.0.202411081344/tools/bin/../lib/gcc/arm-none-eabi/13.3.1/../../../../arm-none-eabi/lib/thumb/v7e-m+fp/hard\libc_nano.a
LOAD C:/ST/STM32CubeIDE_1.13.2/STM32CubeIDE/plugins/com.st.stm32cube.ide.mcu.externaltools.gnu-tools-for-stm32.13.3.rel1.win32_1.0.0.202411081344/tools/bin/../lib/gcc/arm-none-eabi/13.3.1/../../../../arm-none-eabi/lib/thumb/v7e-m+fp/hard\libm.a
END GROUP
START GROUP
LOAD C:/ST/STM32CubeIDE_1.13.2/STM32CubeIDE/plugins/com.st.stm32cube.ide.mcu.externaltools.gnu-tools-for-stm32.13.3.rel1.win32_1.0.0.202411081344/tools/bin/../lib/gcc/arm-none-eabi/13.3.1/thumb/v7e-m+fp/hard\libgcc.a
LOAD C:/ST/STM32CubeIDE_1.13.2/STM32CubeIDE/plugins/com.st.stm32cube.ide.mcu.externaltools.gnu-tools-for-stm32.13.3.rel1.win32_1.0.0.202411081344/tools/bin/../lib/gcc/arm-none-eabi/13.3.1/../../../../arm-none-eabi/lib/thumb/v7e-m+fp/hard\libc_nano.a
END GROUP
START GROUP
LOAD C:/ST/STM32CubeIDE_1.13.2/STM32CubeIDE/plugins/com.st.stm32cube.ide.mcu.externaltools.gnu-tools-for-stm32.13.3.rel1.win32_1.0.0.202411081344/tools/bin/../lib/gcc/arm-none-eabi/13.3.1/thumb/v7e-m+fp/hard\libgcc.a
LOAD C:/ST/STM32CubeIDE_1.13.2/STM32CubeIDE/plugins/com.st.stm32cube.ide.mcu.externaltools.gnu-tools-for-stm32.13.3.rel1.win32_1.0.0.202411081344/tools/bin/../lib/gcc/arm-none-eabi/13.3.1/../../../../arm-none-eabi/lib/thumb/v7e-m+fp/hard\libc_nano.a
LOAD C:/ST/STM32CubeIDE_1.13.2/STM32CubeIDE/plugins/com.st.stm32cube.ide.mcu.externaltools.gnu-tools-for-stm32.13.3.rel1.win32_1.0.0.202411081344/tools/bin/../lib/gcc/arm-none-eabi/13.3.1/../../../../arm-none-eabi/lib/thumb/v7e-m+fp/hard\libnosys.a
END GROUP
START GROUP
LOAD C:/ST/STM32CubeIDE_1.13.2/STM32CubeIDE/plugins/com.st.stm32cube.ide.mcu.externaltools.gnu-tools-for-stm32.13.3.rel1.win32_1.0.0.202411081344/tools/bin/../lib/gcc/arm-none-eabi/13.3.1/thumb/v7e-m+fp/hard\libgcc.a
LOAD C:/ST/STM32CubeIDE_1.13.2/STM32CubeIDE/plugins/com.st.stm32cube.ide.mcu.externaltools.gnu-tools-for-stm32.13.3.rel1.win32_1.0.0.202411081344/tools/bin/../lib/gcc/arm-none-eabi/13.3.1/../../../../arm-none-eabi/lib/thumb/v7e-m+fp/hard\libc_nano.a
LOAD C:/ST/STM32CubeIDE_1.13.2/STM32CubeIDE/plugins/com.st.stm32cube.ide.mcu.externaltools.gnu-tools-for-stm32.13.3.rel1.win32_1.0.0.202411081344/tools/bin/../lib/gcc/arm-none-eabi/13.3.1/../../../../arm-none-eabi/lib/thumb/v7e-m+fp/hard\libnosys.a
END GROUP
LOAD C:/ST/STM32CubeIDE_1.13.2/STM32CubeIDE/plugins/com.st.stm32cube.ide.mcu.externaltools.gnu-tools-for-stm32.13.3.rel1.win32_1.0.0.202411081344/tools/bin/../lib/gcc/arm-none-eabi/13.3.1/thumb/v7e-m+fp/hard/crtend.o
LOAD C:/ST/STM32CubeIDE_1.13.2/STM32CubeIDE/plugins/com.st.stm32cube.ide.mcu.externaltools.gnu-tools-for-stm32.13.3.rel1.win32_1.0.0.202411081344/tools/bin/../lib/gcc/arm-none-eabi/13.3.1/thumb/v7e-m+fp/hard/crtn.o
                0x20010000                        _estack = (ORIGIN (RAM) + LENGTH (RAM))
                0x00000800                        _Min_Heap_Size = 0x800
                0x00000800                        _Min_Stack_Size = 0x800

.isr_vector     0x08000000      0x194
                0x08000000                        . = ALIGN (0x4)
 *(.isr_vector)
 .isr_vector    0x08000000      0x194 ./Core/Startup/startup_stm32f401rctx.o
                0x08000000                g_pfnVectors
                0x08000194                        . = ALIGN (0x4)

.text           0x08000194     0xafe0
                0x08000194                        . = ALIGN (0x4)
 *(.text)
 .text          0x08000194       0x40 C:/ST/STM32CubeIDE_1.13.2/STM32CubeIDE/plugins/com.st.stm32cube.ide.mcu.externaltools.gnu-tools-for-stm32.13.3.rel1.win32_1.0.0.202411081344/tools/bin/../lib/gcc/arm-none-eabi/13.3.1/thumb/v7e-m+fp/hard/crtbegin.o
 .text          0x080001d4       0x30 C:/ST/STM32CubeIDE_1.13.2/STM32CubeIDE/plugins/com.st.stm32cube.ide.mcu.externaltools.gnu-tools-for-stm32.13.3.rel1.win32_1.0.0.202411081344/tools/bin/../lib/gcc/arm-none-eabi/13.3.1/thumb/v7e-m+fp/hard\libgcc.a(_aeabi_uldivmod.o)
                0x080001d4                __aeabi_uldivmod
 .text          0x08000204      0x2f8 C:/ST/STM32CubeIDE_1.13.2/STM32CubeIDE/plugins/com.st.stm32cube.ide.mcu.externaltools.gnu-tools-for-stm32.13.3.rel1.win32_1.0.0.202411081344/tools/bin/../lib/gcc/arm-none-eabi/13.3.1/thumb/v7e-m+fp/hard\libgcc.a(_udivmoddi4.o)
                0x08000204                __udivmoddi4
 .text          0x080004fc        0x4 C:/ST/STM32CubeIDE_1.13.2/STM32CubeIDE/plugins/com.st.stm32cube.ide.mcu.externaltools.gnu-tools-for-stm32.13.3.rel1.win32_1.0.0.202411081344/tools/bin/../lib/gcc/arm-none-eabi/13.3.1/thumb/v7e-m+fp/hard\libgcc.a(_dvmd_tls.o)
                0x080004fc                __aeabi_idiv0
                0x080004fc                __aeabi_ldiv0
 *(.text*)
 .text.MX_CRC_Init
                0x08000500       0x28 ./Core/Src/crc.o
                0x08000500                MX_CRC_Init
 .text.HAL_CRC_MspInit
                0x08000528       0x44 ./Core/Src/crc.o
                0x08000528                HAL_CRC_MspInit
 .text.MX_GPIO_Init
                0x0800056c       0x58 ./Core/Src/gpio.o
                0x0800056c                MX_GPIO_Init
 .text.HAL_TIM_PeriodElapsedCallback
                0x080005c4       0x20 ./Core/Src/main.o
                0x080005c4                HAL_TIM_PeriodElapsedCallback
 .text.tick_handler
                0x080005e4       0x10 ./Core/Src/main.o
                0x080005e4                tick_handler
 .text.shift_window
                0x080005f4       0x70 ./Core/Src/main.o
                0x080005f4                shift_window
 .text.read_btn
                0x08000664       0x34 ./Core/Src/main.o
                0x08000664                read_btn
 .text.ai_run_inference
                0x08000698       0x80 ./Core/Src/main.o
                0x08000698                ai_run_inference
 .text.process_result
                0x08000718      0x138 ./Core/Src/main.o
                0x08000718                process_result
 .text.main     0x08000850      0x11c ./Core/Src/main.o
                0x08000850                main
 .text.SystemClock_Config
                0x0800096c       0xd4 ./Core/Src/main.o
                0x0800096c                SystemClock_Config
 .text.__io_putchar
                0x08000a40       0x24 ./Core/Src/main.o
                0x08000a40                __io_putchar
 .text.Error_Handler
                0x08000a64        0xc ./Core/Src/main.o
                0x08000a64                Error_Handler
 .text.HAL_MspInit
                0x08000a70       0x5c ./Core/Src/stm32f4xx_hal_msp.o
                0x08000a70                HAL_MspInit
 .text.NMI_Handler
                0x08000acc        0x8 ./Core/Src/stm32f4xx_it.o
                0x08000acc                NMI_Handler
 .text.HardFault_Handler
                0x08000ad4        0x8 ./Core/Src/stm32f4xx_it.o
                0x08000ad4                HardFault_Handler
 .text.MemManage_Handler
                0x08000adc        0x8 ./Core/Src/stm32f4xx_it.o
                0x08000adc                MemManage_Handler
 .text.BusFault_Handler
                0x08000ae4        0x8 ./Core/Src/stm32f4xx_it.o
                0x08000ae4                BusFault_Handler
 .text.UsageFault_Handler
                0x08000aec        0x8 ./Core/Src/stm32f4xx_it.o
                0x08000aec                UsageFault_Handler
 .text.SVC_Handler
                0x08000af4        0xe ./Core/Src/stm32f4xx_it.o
                0x08000af4                SVC_Handler
 .text.DebugMon_Handler
                0x08000b02        0xe ./Core/Src/stm32f4xx_it.o
                0x08000b02                DebugMon_Handler
 .text.PendSV_Handler
                0x08000b10        0xe ./Core/Src/stm32f4xx_it.o
                0x08000b10                PendSV_Handler
 .text.SysTick_Handler
                0x08000b1e        0xc ./Core/Src/stm32f4xx_it.o
                0x08000b1e                SysTick_Handler
 *fill*         0x08000b2a        0x2 
 .text.TIM1_TRG_COM_TIM11_IRQHandler
                0x08000b2c       0x14 ./Core/Src/stm32f4xx_it.o
                0x08000b2c                TIM1_TRG_COM_TIM11_IRQHandler
 .text.USART1_IRQHandler
                0x08000b40       0x14 ./Core/Src/stm32f4xx_it.o
                0x08000b40                USART1_IRQHandler
 .text.FPU_IRQHandler
                0x08000b54        0xe ./Core/Src/stm32f4xx_it.o
                0x08000b54                FPU_IRQHandler
 .text._read    0x08000b62       0x3a ./Core/Src/syscalls.o
                0x08000b62                _read
 .text._write   0x08000b9c       0x38 ./Core/Src/syscalls.o
                0x08000b9c                _write
 .text._close   0x08000bd4       0x18 ./Core/Src/syscalls.o
                0x08000bd4                _close
 .text._fstat   0x08000bec       0x20 ./Core/Src/syscalls.o
                0x08000bec                _fstat
 .text._lseek   0x08000c0c       0x1a ./Core/Src/syscalls.o
                0x08000c0c                _lseek
 *fill*         0x08000c26        0x2 
 .text._sbrk    0x08000c28       0x6c ./Core/Src/sysmem.o
                0x08000c28                _sbrk
 .text.SystemInit
                0x08000c94       0x24 ./Core/Src/system_stm32f4xx.o
                0x08000c94                SystemInit
 .text.MX_TIM11_Init
                0x08000cb8       0xa4 ./Core/Src/tim.o
                0x08000cb8                MX_TIM11_Init
 .text.HAL_TIM_Base_MspInit
                0x08000d5c       0x50 ./Core/Src/tim.o
                0x08000d5c                HAL_TIM_Base_MspInit
 .text.MX_USART1_UART_Init
                0x08000dac       0x54 ./Core/Src/usart.o
                0x08000dac                MX_USART1_UART_Init
 .text.MX_USART2_UART_Init
                0x08000e00       0x54 ./Core/Src/usart.o
                0x08000e00                MX_USART2_UART_Init
 .text.HAL_UART_MspInit
                0x08000e54      0x108 ./Core/Src/usart.o
                0x08000e54                HAL_UART_MspInit
 .text.Reset_Handler
                0x08000f5c       0x50 ./Core/Startup/startup_stm32f401rctx.o
                0x08000f5c                Reset_Handler
 .text.Default_Handler
                0x08000fac        0x2 ./Core/Startup/startup_stm32f401rctx.o
                0x08000fac                RTC_Alarm_IRQHandler
                0x08000fac                EXTI2_IRQHandler
                0x08000fac                SPI4_IRQHandler
                0x08000fac                TIM1_CC_IRQHandler
                0x08000fac                DMA2_Stream5_IRQHandler
                0x08000fac                DMA1_Stream5_IRQHandler
                0x08000fac                PVD_IRQHandler
                0x08000fac                SDIO_IRQHandler
                0x08000fac                TAMP_STAMP_IRQHandler
                0x08000fac                EXTI3_IRQHandler
                0x08000fac                TIM1_UP_TIM10_IRQHandler
                0x08000fac                I2C3_ER_IRQHandler
                0x08000fac                EXTI0_IRQHandler
                0x08000fac                I2C2_EV_IRQHandler
                0x08000fac                DMA1_Stream2_IRQHandler
                0x08000fac                DMA2_Stream2_IRQHandler
                0x08000fac                SPI1_IRQHandler
                0x08000fac                TIM1_BRK_TIM9_IRQHandler
                0x08000fac                DMA2_Stream3_IRQHandler
                0x08000fac                USART6_IRQHandler
                0x08000fac                DMA2_Stream0_IRQHandler
                0x08000fac                TIM4_IRQHandler
                0x08000fac                I2C1_EV_IRQHandler
                0x08000fac                DMA1_Stream6_IRQHandler
                0x08000fac                DMA1_Stream1_IRQHandler
                0x08000fac                TIM3_IRQHandler
                0x08000fac                RCC_IRQHandler
                0x08000fac                Default_Handler
                0x08000fac                EXTI15_10_IRQHandler
                0x08000fac                ADC_IRQHandler
                0x08000fac                DMA1_Stream7_IRQHandler
                0x08000fac                TIM5_IRQHandler
                0x08000fac                DMA2_Stream7_IRQHandler
                0x08000fac                I2C3_EV_IRQHandler
                0x08000fac                EXTI9_5_IRQHandler
                0x08000fac                RTC_WKUP_IRQHandler
                0x08000fac                SPI2_IRQHandler
                0x08000fac                DMA1_Stream0_IRQHandler
                0x08000fac                EXTI4_IRQHandler
                0x08000fac                WWDG_IRQHandler
                0x08000fac                TIM2_IRQHandler
                0x08000fac                OTG_FS_WKUP_IRQHandler
                0x08000fac                EXTI1_IRQHandler
                0x08000fac                USART2_IRQHandler
                0x08000fac                I2C2_ER_IRQHandler
                0x08000fac                DMA2_Stream1_IRQHandler
                0x08000fac                FLASH_IRQHandler
                0x08000fac                DMA2_Stream4_IRQHandler
                0x08000fac                OTG_FS_IRQHandler
                0x08000fac                SPI3_IRQHandler
                0x08000fac                DMA1_Stream4_IRQHandler
                0x08000fac                I2C1_ER_IRQHandler
                0x08000fac                DMA2_Stream6_IRQHandler
                0x08000fac                DMA1_Stream3_IRQHandler
 *fill*         0x08000fae        0x2 
 .text.HAL_Init
                0x08000fb0       0x44 ./Drivers/STM32F4xx_HAL_Driver/Src/stm32f4xx_hal.o
                0x08000fb0                HAL_Init
 .text.HAL_InitTick
                0x08000ff4       0x60 ./Drivers/STM32F4xx_HAL_Driver/Src/stm32f4xx_hal.o
                0x08000ff4                HAL_InitTick
 .text.HAL_IncTick
                0x08001054       0x28 ./Drivers/STM32F4xx_HAL_Driver/Src/stm32f4xx_hal.o
                0x08001054                HAL_IncTick
 .text.HAL_GetTick
                0x0800107c       0x18 ./Drivers/STM32F4xx_HAL_Driver/Src/stm32f4xx_hal.o
                0x0800107c                HAL_GetTick
 .text.__NVIC_SetPriorityGrouping
                0x08001094       0x48 ./Drivers/STM32F4xx_HAL_Driver/Src/stm32f4xx_hal_cortex.o
 .text.__NVIC_GetPriorityGrouping
                0x080010dc       0x1c ./Drivers/STM32F4xx_HAL_Driver/Src/stm32f4xx_hal_cortex.o
 .text.__NVIC_EnableIRQ
                0x080010f8       0x3c ./Drivers/STM32F4xx_HAL_Driver/Src/stm32f4xx_hal_cortex.o
 .text.__NVIC_SetPriority
                0x08001134       0x54 ./Drivers/STM32F4xx_HAL_Driver/Src/stm32f4xx_hal_cortex.o
 .text.NVIC_EncodePriority
                0x08001188       0x66 ./Drivers/STM32F4xx_HAL_Driver/Src/stm32f4xx_hal_cortex.o
 *fill*         0x080011ee        0x2 
 .text.SysTick_Config
                0x080011f0       0x44 ./Drivers/STM32F4xx_HAL_Driver/Src/stm32f4xx_hal_cortex.o
 .text.HAL_NVIC_SetPriorityGrouping
                0x08001234       0x16 ./Drivers/STM32F4xx_HAL_Driver/Src/stm32f4xx_hal_cortex.o
                0x08001234                HAL_NVIC_SetPriorityGrouping
 .text.HAL_NVIC_SetPriority
                0x0800124a       0x38 ./Drivers/STM32F4xx_HAL_Driver/Src/stm32f4xx_hal_cortex.o
                0x0800124a                HAL_NVIC_SetPriority
 .text.HAL_NVIC_EnableIRQ
                0x08001282       0x1c ./Drivers/STM32F4xx_HAL_Driver/Src/stm32f4xx_hal_cortex.o
                0x08001282                HAL_NVIC_EnableIRQ
 .text.HAL_SYSTICK_Config
                0x0800129e       0x18 ./Drivers/STM32F4xx_HAL_Driver/Src/stm32f4xx_hal_cortex.o
                0x0800129e                HAL_SYSTICK_Config
 .text.HAL_CRC_Init
                0x080012b6       0x38 ./Drivers/STM32F4xx_HAL_Driver/Src/stm32f4xx_hal_crc.o
                0x080012b6                HAL_CRC_Init
 .text.HAL_DMA_Abort
                0x080012ee       0xe0 ./Drivers/STM32F4xx_HAL_Driver/Src/stm32f4xx_hal_dma.o
                0x080012ee                HAL_DMA_Abort
 .text.HAL_DMA_Abort_IT
                0x080013ce       0x44 ./Drivers/STM32F4xx_HAL_Driver/Src/stm32f4xx_hal_dma.o
                0x080013ce                HAL_DMA_Abort_IT
 *fill*         0x08001412        0x2 
 .text.HAL_GPIO_Init
                0x08001414      0x308 ./Drivers/STM32F4xx_HAL_Driver/Src/stm32f4xx_hal_gpio.o
                0x08001414                HAL_GPIO_Init
 .text.HAL_GPIO_ReadPin
                0x0800171c       0x30 ./Drivers/STM32F4xx_HAL_Driver/Src/stm32f4xx_hal_gpio.o
                0x0800171c                HAL_GPIO_ReadPin
 .text.HAL_RCC_OscConfig
                0x0800174c      0x4f0 ./Drivers/STM32F4xx_HAL_Driver/Src/stm32f4xx_hal_rcc.o
                0x0800174c                HAL_RCC_OscConfig
 .text.HAL_RCC_ClockConfig
                0x08001c3c      0x1cc ./Drivers/STM32F4xx_HAL_Driver/Src/stm32f4xx_hal_rcc.o
                0x08001c3c                HAL_RCC_ClockConfig
 .text.HAL_RCC_GetSysClockFreq
                0x08001e08      0x18c ./Drivers/STM32F4xx_HAL_Driver/Src/stm32f4xx_hal_rcc.o
                0x08001e08                HAL_RCC_GetSysClockFreq
 .text.HAL_RCC_GetHCLKFreq
                0x08001f94       0x18 ./Drivers/STM32F4xx_HAL_Driver/Src/stm32f4xx_hal_rcc.o
                0x08001f94                HAL_RCC_GetHCLKFreq
 .text.HAL_RCC_GetPCLK1Freq
                0x08001fac       0x28 ./Drivers/STM32F4xx_HAL_Driver/Src/stm32f4xx_hal_rcc.o
                0x08001fac                HAL_RCC_GetPCLK1Freq
 .text.HAL_RCC_GetPCLK2Freq
                0x08001fd4       0x28 ./Drivers/STM32F4xx_HAL_Driver/Src/stm32f4xx_hal_rcc.o
                0x08001fd4                HAL_RCC_GetPCLK2Freq
 .text.HAL_TIM_Base_Init
                0x08001ffc       0x9e ./Drivers/STM32F4xx_HAL_Driver/Src/stm32f4xx_hal_tim.o
                0x08001ffc                HAL_TIM_Base_Init
 *fill*         0x0800209a        0x2 
 .text.HAL_TIM_Base_Start_IT
                0x0800209c       0xc4 ./Drivers/STM32F4xx_HAL_Driver/Src/stm32f4xx_hal_tim.o
                0x0800209c                HAL_TIM_Base_Start_IT
 .text.HAL_TIM_OC_Init
                0x08002160       0x9e ./Drivers/STM32F4xx_HAL_Driver/Src/stm32f4xx_hal_tim.o
                0x08002160                HAL_TIM_OC_Init
 .text.HAL_TIM_OC_MspInit
                0x080021fe       0x14 ./Drivers/STM32F4xx_HAL_Driver/Src/stm32f4xx_hal_tim.o
                0x080021fe                HAL_TIM_OC_MspInit
 .text.HAL_TIM_IRQHandler
                0x08002212      0x1e0 ./Drivers/STM32F4xx_HAL_Driver/Src/stm32f4xx_hal_tim.o
                0x08002212                HAL_TIM_IRQHandler
 *fill*         0x080023f2        0x2 
 .text.HAL_TIM_OC_ConfigChannel
                0x080023f4       0xb8 ./Drivers/STM32F4xx_HAL_Driver/Src/stm32f4xx_hal_tim.o
                0x080023f4                HAL_TIM_OC_ConfigChannel
 .text.HAL_TIM_OC_DelayElapsedCallback
                0x080024ac       0x14 ./Drivers/STM32F4xx_HAL_Driver/Src/stm32f4xx_hal_tim.o
                0x080024ac                HAL_TIM_OC_DelayElapsedCallback
 .text.HAL_TIM_IC_CaptureCallback
                0x080024c0       0x14 ./Drivers/STM32F4xx_HAL_Driver/Src/stm32f4xx_hal_tim.o
                0x080024c0                HAL_TIM_IC_CaptureCallback
 .text.HAL_TIM_PWM_PulseFinishedCallback
                0x080024d4       0x14 ./Drivers/STM32F4xx_HAL_Driver/Src/stm32f4xx_hal_tim.o
                0x080024d4                HAL_TIM_PWM_PulseFinishedCallback
 .text.HAL_TIM_TriggerCallback
                0x080024e8       0x14 ./Drivers/STM32F4xx_HAL_Driver/Src/stm32f4xx_hal_tim.o
                0x080024e8                HAL_TIM_TriggerCallback
 .text.TIM_Base_SetConfig
                0x080024fc      0x10c ./Drivers/STM32F4xx_HAL_Driver/Src/stm32f4xx_hal_tim.o
                0x080024fc                TIM_Base_SetConfig
 .text.TIM_OC1_SetConfig
                0x08002608       0xcc ./Drivers/STM32F4xx_HAL_Driver/Src/stm32f4xx_hal_tim.o
 .text.TIM_OC2_SetConfig
                0x080026d4       0xd8 ./Drivers/STM32F4xx_HAL_Driver/Src/stm32f4xx_hal_tim.o
                0x080026d4                TIM_OC2_SetConfig
 .text.TIM_OC3_SetConfig
                0x080027ac       0xd4 ./Drivers/STM32F4xx_HAL_Driver/Src/stm32f4xx_hal_tim.o
 .text.TIM_OC4_SetConfig
                0x08002880       0xa0 ./Drivers/STM32F4xx_HAL_Driver/Src/stm32f4xx_hal_tim.o
 .text.HAL_TIMEx_CommutCallback
                0x08002920       0x14 ./Drivers/STM32F4xx_HAL_Driver/Src/stm32f4xx_hal_tim_ex.o
                0x08002920                HAL_TIMEx_CommutCallback
 .text.HAL_TIMEx_BreakCallback
                0x08002934       0x14 ./Drivers/STM32F4xx_HAL_Driver/Src/stm32f4xx_hal_tim_ex.o
                0x08002934                HAL_TIMEx_BreakCallback
 .text.HAL_UART_Init
                0x08002948       0xa0 ./Drivers/STM32F4xx_HAL_Driver/Src/stm32f4xx_hal_uart.o
                0x08002948                HAL_UART_Init
 .text.HAL_UART_Transmit
                0x080029e8      0x116 ./Drivers/STM32F4xx_HAL_Driver/Src/stm32f4xx_hal_uart.o
                0x080029e8                HAL_UART_Transmit
 *fill*         0x08002afe        0x2 
 .text.HAL_UART_IRQHandler
                0x08002b00      0x554 ./Drivers/STM32F4xx_HAL_Driver/Src/stm32f4xx_hal_uart.o
                0x08002b00                HAL_UART_IRQHandler
 .text.HAL_UART_TxCpltCallback
                0x08003054       0x14 ./Drivers/STM32F4xx_HAL_Driver/Src/stm32f4xx_hal_uart.o
                0x08003054                HAL_UART_TxCpltCallback
 .text.HAL_UART_RxCpltCallback
                0x08003068       0x14 ./Drivers/STM32F4xx_HAL_Driver/Src/stm32f4xx_hal_uart.o
                0x08003068                HAL_UART_RxCpltCallback
 .text.HAL_UART_ErrorCallback
                0x0800307c       0x14 ./Drivers/STM32F4xx_HAL_Driver/Src/stm32f4xx_hal_uart.o
                0x0800307c                HAL_UART_ErrorCallback
 .text.HAL_UARTEx_RxEventCallback
                0x08003090       0x18 ./Drivers/STM32F4xx_HAL_Driver/Src/stm32f4xx_hal_uart.o
                0x08003090                HAL_UARTEx_RxEventCallback
 .text.UART_WaitOnFlagUntilTimeout
                0x080030a8       0xb2 ./Drivers/STM32F4xx_HAL_Driver/Src/stm32f4xx_hal_uart.o
 .text.UART_EndRxTransfer
                0x0800315a       0xc6 ./Drivers/STM32F4xx_HAL_Driver/Src/stm32f4xx_hal_uart.o
 .text.UART_DMAAbortOnError
                0x08003220       0x22 ./Drivers/STM32F4xx_HAL_Driver/Src/stm32f4xx_hal_uart.o
 .text.UART_Transmit_IT
                0x08003242       0xa0 ./Drivers/STM32F4xx_HAL_Driver/Src/stm32f4xx_hal_uart.o
 .text.UART_EndTransmit_IT
                0x080032e2       0x30 ./Drivers/STM32F4xx_HAL_Driver/Src/stm32f4xx_hal_uart.o
 .text.UART_Receive_IT
                0x08003312      0x17c ./Drivers/STM32F4xx_HAL_Driver/Src/stm32f4xx_hal_uart.o
 *fill*         0x0800348e        0x2 
 .text.UART_SetConfig
                0x08003490      0x4e8 ./Drivers/STM32F4xx_HAL_Driver/Src/stm32f4xx_hal_uart.o
 .text.network_configure_activations
                0x08003978      0x1b4 ./X-CUBE-AI/App/network.o
 .text.network_configure_weights
                0x08003b2c      0x16c ./X-CUBE-AI/App/network.o
 .text.ai_network_get_error
                0x08003c98       0x18 ./X-CUBE-AI/App/network.o
                0x08003c98                ai_network_get_error
 .text.ai_network_create
                0x08003cb0       0x2c ./X-CUBE-AI/App/network.o
                0x08003cb0                ai_network_create
 .text.ai_network_create_and_init
                0x08003cdc       0xfc ./X-CUBE-AI/App/network.o
                0x08003cdc                ai_network_create_and_init
 .text.ai_network_inputs_get
                0x08003dd8       0x34 ./X-CUBE-AI/App/network.o
                0x08003dd8                ai_network_inputs_get
 .text.ai_network_outputs_get
                0x08003e0c       0x34 ./X-CUBE-AI/App/network.o
                0x08003e0c                ai_network_outputs_get
 .text.ai_network_init
                0x08003e40       0x78 ./X-CUBE-AI/App/network.o
                0x08003e40                ai_network_init
 .text.ai_network_run
                0x08003eb8       0x20 ./X-CUBE-AI/App/network.o
                0x08003eb8                ai_network_run
 .text.ai_network_data_params_get
                0x08003ed8       0x50 ./X-CUBE-AI/App/network_data.o
                0x08003ed8                ai_network_data_params_get
 .text.ai_buffer_get_size
                0x08003f28       0x64 ../Middlewares/ST/AI/Lib\NetworkRuntime1020_CM4_GCC.a(ai_platform.o)
                0x08003f28                ai_buffer_get_size
 .text.ai_buffer_array_sane
                0x08003f8c       0x14 ../Middlewares/ST/AI/Lib\NetworkRuntime1020_CM4_GCC.a(ai_platform.o)
                0x08003f8c                ai_buffer_array_sane
 .text.ai_buffer_array_item_set_address
                0x08003fa0       0x1c ../Middlewares/ST/AI/Lib\NetworkRuntime1020_CM4_GCC.a(ai_platform.o)
                0x08003fa0                ai_buffer_array_item_set_address
 .text.ai_platform_get_weights_map
                0x08003fbc       0xa4 ../Middlewares/ST/AI/Lib\NetworkRuntime1020_CM4_GCC.a(ai_platform_interface.o)
                0x08003fbc                ai_platform_get_weights_map
 .text.ai_platform_get_activations_map
                0x08004060       0xa8 ../Middlewares/ST/AI/Lib\NetworkRuntime1020_CM4_GCC.a(ai_platform_interface.o)
                0x08004060                ai_platform_get_activations_map
 .text.ai_platform_bind_network_params
                0x08004108       0x44 ../Middlewares/ST/AI/Lib\NetworkRuntime1020_CM4_GCC.a(ai_platform_interface.o)
                0x08004108                ai_platform_bind_network_params
 .text.ai_platform_network_get_error
                0x0800414c       0x18 ../Middlewares/ST/AI/Lib\NetworkRuntime1020_CM4_GCC.a(ai_platform_interface.o)
                0x0800414c                ai_platform_network_get_error
 .text.ai_platform_network_set_error
                0x08004164        0xc ../Middlewares/ST/AI/Lib\NetworkRuntime1020_CM4_GCC.a(ai_platform_interface.o)
                0x08004164                ai_platform_network_set_error
 .text.ai_platform_inputs_get
                0x08004170       0xec ../Middlewares/ST/AI/Lib\NetworkRuntime1020_CM4_GCC.a(ai_platform_interface.o)
                0x08004170                ai_platform_inputs_get
 .text.ai_platform_outputs_get
                0x0800425c       0xe4 ../Middlewares/ST/AI/Lib\NetworkRuntime1020_CM4_GCC.a(ai_platform_interface.o)
                0x0800425c                ai_platform_outputs_get
 .text.ai_platform_network_create
                0x08004340       0x84 ../Middlewares/ST/AI/Lib\NetworkRuntime1020_CM4_GCC.a(ai_platform_interface.o)
                0x08004340                ai_platform_network_create
 .text.ai_platform_network_init
                0x080043c4      0x130 ../Middlewares/ST/AI/Lib\NetworkRuntime1020_CM4_GCC.a(ai_platform_interface.o)
                0x080043c4                ai_platform_network_init
 .text.ai_platform_network_post_init
                0x080044f4       0x5c ../Middlewares/ST/AI/Lib\NetworkRuntime1020_CM4_GCC.a(ai_platform_interface.o)
                0x080044f4                ai_platform_network_post_init
 .text.ai_platform_network_process
                0x08004550      0x438 ../Middlewares/ST/AI/Lib\NetworkRuntime1020_CM4_GCC.a(ai_platform_interface.o)
                0x08004550                ai_platform_network_process
 .text.core_init
                0x08004988        0x4 ../Middlewares/ST/AI/Lib\NetworkRuntime1020_CM4_GCC.a(core_common.o)
                0x08004988                core_init
 .text.core_get_error
                0x0800498c        0xc ../Middlewares/ST/AI/Lib\NetworkRuntime1020_CM4_GCC.a(core_common.o)
                0x0800498c                core_get_error
 .text.core_set_error
                0x08004998       0x18 ../Middlewares/ST/AI/Lib\NetworkRuntime1020_CM4_GCC.a(core_common.o)
                0x08004998                core_set_error
 .text.ai_check_custom_types
                0x080049b0       0x54 ../Middlewares/ST/AI/Lib\NetworkRuntime1020_CM4_GCC.a(layers.o)
                0x080049b0                ai_check_custom_types
 .text.ai_layers_init_all
                0x08004a04       0x20 ../Middlewares/ST/AI/Lib\NetworkRuntime1020_CM4_GCC.a(layers.o)
                0x08004a04                ai_layers_init_all
 .text.ai_layers_post_init_all
                0x08004a24       0x3c ../Middlewares/ST/AI/Lib\NetworkRuntime1020_CM4_GCC.a(layers.o)
                0x08004a24                ai_layers_post_init_all
 .text.ai_layers_forward_all
                0x08004a60       0x90 ../Middlewares/ST/AI/Lib\NetworkRuntime1020_CM4_GCC.a(layers.o)
                0x08004a60                ai_layers_forward_all
 .text.forward_conv2d_deep_sssa8_ch
                0x08004af0      0x1b0 ../Middlewares/ST/AI/Lib\NetworkRuntime1020_CM4_GCC.a(layers_conv2d_sssa8_ch.o)
                0x08004af0                forward_conv2d_deep_sssa8_ch
 .text.forward_conv2d_sssa8_ch
                0x08004ca0      0x1c8 ../Middlewares/ST/AI/Lib\NetworkRuntime1020_CM4_GCC.a(layers_conv2d_sssa8_ch.o)
                0x08004ca0                forward_conv2d_sssa8_ch
 .text.forward_dense_integer_SSSA_ch
                0x08004e68      0x200 ../Middlewares/ST/AI/Lib\NetworkRuntime1020_CM4_GCC.a(layers_conv2d_stm32_integer.o)
                0x08004e68                forward_dense_integer_SSSA_ch
 .text.forward_pad
                0x08005068       0x20 ../Middlewares/ST/AI/Lib\NetworkRuntime1020_CM4_GCC.a(layers_generic_float.o)
                0x08005068                forward_pad
 .text.forward_sm_integer
                0x08005088       0xc4 ../Middlewares/ST/AI/Lib\NetworkRuntime1020_CM4_GCC.a(layers_nl_stm32_integer.o)
                0x08005088                forward_sm_integer
 .text.forward_pad_8bit_ch1st_3x3_constant
                0x0800514c       0x94 ../Middlewares/ST/AI/Lib\NetworkRuntime1020_CM4_GCC.a(layers_pad_generic.o)
                0x0800514c                forward_pad_8bit_ch1st_3x3_constant
 .text.forward_pad_constant
                0x080051e0       0x8c ../Middlewares/ST/AI/Lib\NetworkRuntime1020_CM4_GCC.a(layers_pad_generic.o)
                0x080051e0                forward_pad_constant
 .text.forward_pad_edge
                0x0800526c       0x80 ../Middlewares/ST/AI/Lib\NetworkRuntime1020_CM4_GCC.a(layers_pad_generic.o)
                0x0800526c                forward_pad_edge
 .text.forward_pad_reflect
                0x080052ec       0xa0 ../Middlewares/ST/AI/Lib\NetworkRuntime1020_CM4_GCC.a(layers_pad_generic.o)
                0x080052ec                forward_pad_reflect
 .text.forward_mp_integer_INT8
                0x0800538c      0x218 ../Middlewares/ST/AI/Lib\NetworkRuntime1020_CM4_GCC.a(layers_pool_stm32_integer.o)
                0x0800538c                forward_mp_integer_INT8
 .text.forward_ap_integer_INT8
                0x080055a4      0x1bc ../Middlewares/ST/AI/Lib\NetworkRuntime1020_CM4_GCC.a(layers_pool_stm32_integer.o)
                0x080055a4                forward_ap_integer_INT8
 .text.forward_lite_dense_is8os8ws8_ch
                0x08005760       0x7c ../Middlewares/ST/AI/Lib\NetworkRuntime1020_CM4_GCC.a(forward_lite_dense_is8os8ws8_ch.o)
                0x08005760                forward_lite_dense_is8os8ws8_ch
 .text.forward_lite_maxpool_is8os8_scalepos
                0x080057dc      0x1c8 ../Middlewares/ST/AI/Lib\NetworkRuntime1020_CM4_GCC.a(forward_lite_maxpool_is8os8_scalepos.o)
                0x080057dc                forward_lite_maxpool_is8os8_scalepos
 .text.forward_lite_avepool_is8os8
                0x080059a4       0x4c ../Middlewares/ST/AI/Lib\NetworkRuntime1020_CM4_GCC.a(forward_lite_avepool_is8os8.o)
                0x080059a4                forward_lite_avepool_is8os8
 .text.forward_lite_conv2d_deep_sssa8_ch
                0x080059f0      0x1c0 ../Middlewares/ST/AI/Lib\NetworkRuntime1020_CM4_GCC.a(forward_lite_conv2d_sssa8_ch.o)
                0x080059f0                forward_lite_conv2d_deep_sssa8_ch
 .text.forward_lite_conv2d_sssa8_ch
                0x08005bb0      0xa3c ../Middlewares/ST/AI/Lib\NetworkRuntime1020_CM4_GCC.a(forward_lite_conv2d_sssa8_ch.o)
                0x08005bb0                forward_lite_conv2d_sssa8_ch
 .text.forward_lite_maxpool_is8os8_scaleneg
                0x080065ec      0x1c4 ../Middlewares/ST/AI/Lib\NetworkRuntime1020_CM4_GCC.a(forward_lite_maxpool_is8os8.o)
                0x080065ec                forward_lite_maxpool_is8os8_scaleneg
 .text.forward_lite_nl_softmax_is8os8
                0x080067b0       0x14 ../Middlewares/ST/AI/Lib\NetworkRuntime1020_CM4_GCC.a(lite_nl_generic_integer.o)
                0x080067b0                forward_lite_nl_softmax_is8os8
 .text.forward_lite_nl_softmax_iu8ou8
                0x080067c4       0x14 ../Middlewares/ST/AI/Lib\NetworkRuntime1020_CM4_GCC.a(lite_nl_generic_integer.o)
                0x080067c4                forward_lite_nl_softmax_iu8ou8
 .text.forward_lite_pad_8bit_ch1st_3x3_constant_P0022
                0x080067d8       0x60 ../Middlewares/ST/AI/Lib\NetworkRuntime1020_CM4_GCC.a(forward_lite_pad_generic.o)
                0x080067d8                forward_lite_pad_8bit_ch1st_3x3_constant_P0022
 .text.forward_lite_pad_8bit_ch1st_3x3_constant_P1111
                0x08006838      0x184 ../Middlewares/ST/AI/Lib\NetworkRuntime1020_CM4_GCC.a(forward_lite_pad_generic.o)
                0x08006838                forward_lite_pad_8bit_ch1st_3x3_constant_P1111
 .text.forward_lite_pad_constant
                0x080069bc      0x13c ../Middlewares/ST/AI/Lib\NetworkRuntime1020_CM4_GCC.a(forward_lite_pad_generic.o)
                0x080069bc                forward_lite_pad_constant
 .text.forward_lite_pad_edge
                0x08006af8       0xe4 ../Middlewares/ST/AI/Lib\NetworkRuntime1020_CM4_GCC.a(forward_lite_pad_generic.o)
                0x08006af8                forward_lite_pad_edge
 .text.forward_lite_pad_reflect
                0x08006bdc      0x154 ../Middlewares/ST/AI/Lib\NetworkRuntime1020_CM4_GCC.a(forward_lite_pad_generic.o)
                0x08006bdc                forward_lite_pad_reflect
 .text.align_factor_ch
                0x08006d30       0x60 ../Middlewares/ST/AI/Lib\NetworkRuntime1020_CM4_GCC.a(st_align_factor.o)
                0x08006d30                align_factor_ch
 .text.st_int8_to16_no_shift
                0x08006d90       0xc4 ../Middlewares/ST/AI/Lib\NetworkRuntime1020_CM4_GCC.a(st_int8_to16_no_shift.o)
                0x08006d90                st_int8_to16_no_shift
 .text.st_int8_to16_no_shift_interleaved
                0x08006e54       0x84 ../Middlewares/ST/AI/Lib\NetworkRuntime1020_CM4_GCC.a(st_int8_to16_no_shift.o)
                0x08006e54                st_int8_to16_no_shift_interleaved
 .text.st_int8_to16_dual
                0x08006ed8      0x1d8 ../Middlewares/ST/AI/Lib\NetworkRuntime1020_CM4_GCC.a(st_int8_to16_no_shift.o)
                0x08006ed8                st_int8_to16_dual
 .text.st_int8_to16_dual_interleaved
                0x080070b0      0x174 ../Middlewares/ST/AI/Lib\NetworkRuntime1020_CM4_GCC.a(st_int8_to16_no_shift.o)
                0x080070b0                st_int8_to16_dual_interleaved
 .text.ai_padding_opt_init
                0x08007224       0xb0 ../Middlewares/ST/AI/Lib\NetworkRuntime1020_CM4_GCC.a(st_padding_opt.o)
                0x08007224                ai_padding_opt_init
 .text.ai_padding_opt_phase1
                0x080072d4       0x34 ../Middlewares/ST/AI/Lib\NetworkRuntime1020_CM4_GCC.a(st_padding_opt.o)
                0x080072d4                ai_padding_opt_phase1
 .text.st_int8_avepool
                0x08007308      0x208 ../Middlewares/ST/AI/Lib\NetworkRuntime1020_CM4_GCC.a(st_int8_pool.o)
                0x08007308                st_int8_avepool
 .text.st_int16_fill
                0x08007510       0x40 ../Middlewares/ST/AI/Lib\NetworkRuntime1020_CM4_GCC.a(st_int16_fill.o)
                0x08007510                st_int16_fill
 .text.st_sssa8_ch_convolve_rank1upd
                0x08007550      0x128 ../Middlewares/ST/AI/Lib\NetworkRuntime1020_CM4_GCC.a(st_sssa8_ch_convolve.o)
                0x08007550                st_sssa8_ch_convolve_rank1upd
 .text.st_sssa8_ch_fully_connected
                0x08007678      0x514 ../Middlewares/ST/AI/Lib\NetworkRuntime1020_CM4_GCC.a(st_sssa8_ch_dense.o)
                0x08007678                st_sssa8_ch_fully_connected
 .text.st_int8_copy
                0x08007b8c      0x13c ../Middlewares/ST/AI/Lib\NetworkRuntime1020_CM4_GCC.a(st_int8_fill.o)
                0x08007b8c                st_int8_copy
 .text.st_int8_fill
                0x08007cc8       0x80 ../Middlewares/ST/AI/Lib\NetworkRuntime1020_CM4_GCC.a(st_int8_fill.o)
                0x08007cc8                st_int8_fill
 .text.st_int8_reordered_no_shift_zero
                0x08007d48       0x68 ../Middlewares/ST/AI/Lib\NetworkRuntime1020_CM4_GCC.a(st_int8_reordered_no_shift.o)
                0x08007d48                st_int8_reordered_no_shift_zero
 .text.st_sssa8_ch_nn_mat_mult_conv2d_nt_t
                0x08007db0      0xc64 ../Middlewares/ST/AI/Lib\NetworkRuntime1020_CM4_GCC.a(st_sssa8_ch_nn_mat_mult_conv2d_nt_t.o)
                0x08007db0                st_sssa8_ch_nn_mat_mult_conv2d_nt_t
 .text.st_sssa8_ch_nn_mat_mult_kernel_single_opt
                0x08008a14      0x344 ../Middlewares/ST/AI/Lib\NetworkRuntime1020_CM4_GCC.a(st_sssa8_ch_nn_mat_mult_kernel_single_opt.o)
                0x08008a14                st_sssa8_ch_nn_mat_mult_kernel_single_opt
 .text.st_sssa8_ch_1_output_mgt
                0x08008d58       0x64 ../Middlewares/ST/AI/Lib\NetworkRuntime1020_CM4_GCC.a(st_sssa8_ch_nn_mat_mult_nt_t.o)
                0x08008d58                st_sssa8_ch_1_output_mgt
 .text.st_sssa8_ch_2_output_mgt
                0x08008dbc       0xb4 ../Middlewares/ST/AI/Lib\NetworkRuntime1020_CM4_GCC.a(st_sssa8_ch_nn_mat_mult_nt_t.o)
                0x08008dbc                st_sssa8_ch_2_output_mgt
 .text.weights_offset_contribution_calc
                0x08008e70       0xb8 ../Middlewares/ST/AI/Lib\NetworkRuntime1020_CM4_GCC.a(st_sssa8_ch_nn_mat_mult_nt_t.o)
                0x08008e70                weights_offset_contribution_calc
 .text.weights_2channels_prefetch
                0x08008f28      0x200 ../Middlewares/ST/AI/Lib\NetworkRuntime1020_CM4_GCC.a(st_sssa8_ch_nn_mat_mult_nt_t.o)
                0x08008f28                weights_2channels_prefetch
 .text.st_sssa8_ch_fullW_prefetch
                0x08009128       0x7c ../Middlewares/ST/AI/Lib\NetworkRuntime1020_CM4_GCC.a(st_sssa8_ch_nn_mat_mult_nt_t.o)
                0x08009128                st_sssa8_ch_fullW_prefetch
 .text.st_sssa8_ch_nn_mat_mult_kernel_opt
                0x080091a4      0x33c ../Middlewares/ST/AI/Lib\NetworkRuntime1020_CM4_GCC.a(st_sssa8_ch_nn_mat_mult_kernel_opt.o)
                0x080091a4                st_sssa8_ch_nn_mat_mult_kernel_opt
 .text.ai_array_to_buffer_fmt
                0x080094e0       0xe0 ../Middlewares/ST/AI/Lib\NetworkRuntime1020_CM4_GCC.a(ai_datatypes_format.o)
                0x080094e0                ai_array_to_buffer_fmt
 .text.ai_array_get_byte_size
                0x080095c0       0x3c ../Middlewares/ST/AI/Lib\NetworkRuntime1020_CM4_GCC.a(ai_datatypes_format.o)
                0x080095c0                ai_array_get_byte_size
 .text.ai_array_get_data_byte_size
                0x080095fc       0x24 ../Middlewares/ST/AI/Lib\NetworkRuntime1020_CM4_GCC.a(ai_datatypes_format.o)
                0x080095fc                ai_array_get_data_byte_size
 .text.ai_version_get
                0x08009620        0xc ../Middlewares/ST/AI/Lib\NetworkRuntime1020_CM4_GCC.a(ai_datatypes_internal.o)
                0x08009620                ai_version_get
 .text.get_tensor_byte_size
                0x0800962c       0x30 ../Middlewares/ST/AI/Lib\NetworkRuntime1020_CM4_GCC.a(ai_datatypes_internal.o)
                0x0800962c                get_tensor_byte_size
 .text._lite_kernel_nl_softmax_is8os8
                0x0800965c      0xaa8 ../Middlewares/ST/AI/Lib\NetworkRuntime1020_CM4_GCC.a(lite_nl_softmax_is8os8.o)
                0x0800965c                _lite_kernel_nl_softmax_is8os8
 .text._lite_kernel_nl_softmax_iu8ou8
                0x0800a104      0x7d0 ../Middlewares/ST/AI/Lib\NetworkRuntime1020_CM4_GCC.a(lite_nl_softmax_iu8ou8.o)
                0x0800a104                _lite_kernel_nl_softmax_iu8ou8
 .text.malloc   0x0800a8d4       0x10 C:/ST/STM32CubeIDE_1.13.2/STM32CubeIDE/plugins/com.st.stm32cube.ide.mcu.externaltools.gnu-tools-for-stm32.13.3.rel1.win32_1.0.0.202411081344/tools/bin/../lib/gcc/arm-none-eabi/13.3.1/../../../../arm-none-eabi/lib/thumb/v7e-m+fp/hard\libc_nano.a(libc_a-malloc.o)
                0x0800a8d4                malloc
 .text.sbrk_aligned
                0x0800a8e4       0x44 C:/ST/STM32CubeIDE_1.13.2/STM32CubeIDE/plugins/com.st.stm32cube.ide.mcu.externaltools.gnu-tools-for-stm32.13.3.rel1.win32_1.0.0.202411081344/tools/bin/../lib/gcc/arm-none-eabi/13.3.1/../../../../arm-none-eabi/lib/thumb/v7e-m+fp/hard\libc_nano.a(libc_a-mallocr.o)
 .text._malloc_r
                0x0800a928      0x100 C:/ST/STM32CubeIDE_1.13.2/STM32CubeIDE/plugins/com.st.stm32cube.ide.mcu.externaltools.gnu-tools-for-stm32.13.3.rel1.win32_1.0.0.202411081344/tools/bin/../lib/gcc/arm-none-eabi/13.3.1/../../../../arm-none-eabi/lib/thumb/v7e-m+fp/hard\libc_nano.a(libc_a-mallocr.o)
                0x0800a928                _malloc_r
 .text.__malloc_lock
                0x0800aa28        0xc C:/ST/STM32CubeIDE_1.13.2/STM32CubeIDE/plugins/com.st.stm32cube.ide.mcu.externaltools.gnu-tools-for-stm32.13.3.rel1.win32_1.0.0.202411081344/tools/bin/../lib/gcc/arm-none-eabi/13.3.1/../../../../arm-none-eabi/lib/thumb/v7e-m+fp/hard\libc_nano.a(libc_a-mlock.o)
                0x0800aa28                __malloc_lock
 .text.__malloc_unlock
                0x0800aa34        0xc C:/ST/STM32CubeIDE_1.13.2/STM32CubeIDE/plugins/com.st.stm32cube.ide.mcu.externaltools.gnu-tools-for-stm32.13.3.rel1.win32_1.0.0.202411081344/tools/bin/../lib/gcc/arm-none-eabi/13.3.1/../../../../arm-none-eabi/lib/thumb/v7e-m+fp/hard\libc_nano.a(libc_a-mlock.o)
                0x0800aa34                __malloc_unlock
 .text.std      0x0800aa40       0x6c C:/ST/STM32CubeIDE_1.13.2/STM32CubeIDE/plugins/com.st.stm32cube.ide.mcu.externaltools.gnu-tools-for-stm32.13.3.rel1.win32_1.0.0.202411081344/tools/bin/../lib/gcc/arm-none-eabi/13.3.1/../../../../arm-none-eabi/lib/thumb/v7e-m+fp/hard\libc_nano.a(libc_a-findfp.o)
 .text.stdio_exit_handler
                0x0800aaac       0x18 C:/ST/STM32CubeIDE_1.13.2/STM32CubeIDE/plugins/com.st.stm32cube.ide.mcu.externaltools.gnu-tools-for-stm32.13.3.rel1.win32_1.0.0.202411081344/tools/bin/../lib/gcc/arm-none-eabi/13.3.1/../../../../arm-none-eabi/lib/thumb/v7e-m+fp/hard\libc_nano.a(libc_a-findfp.o)
 .text.cleanup_stdio
                0x0800aac4       0x40 C:/ST/STM32CubeIDE_1.13.2/STM32CubeIDE/plugins/com.st.stm32cube.ide.mcu.externaltools.gnu-tools-for-stm32.13.3.rel1.win32_1.0.0.202411081344/tools/bin/../lib/gcc/arm-none-eabi/13.3.1/../../../../arm-none-eabi/lib/thumb/v7e-m+fp/hard\libc_nano.a(libc_a-findfp.o)
 .text.global_stdio_init.part.0
                0x0800ab04       0x3c C:/ST/STM32CubeIDE_1.13.2/STM32CubeIDE/plugins/com.st.stm32cube.ide.mcu.externaltools.gnu-tools-for-stm32.13.3.rel1.win32_1.0.0.202411081344/tools/bin/../lib/gcc/arm-none-eabi/13.3.1/../../../../arm-none-eabi/lib/thumb/v7e-m+fp/hard\libc_nano.a(libc_a-findfp.o)
 .text.__sfp_lock_acquire
                0x0800ab40        0xc C:/ST/STM32CubeIDE_1.13.2/STM32CubeIDE/plugins/com.st.stm32cube.ide.mcu.externaltools.gnu-tools-for-stm32.13.3.rel1.win32_1.0.0.202411081344/tools/bin/../lib/gcc/arm-none-eabi/13.3.1/../../../../arm-none-eabi/lib/thumb/v7e-m+fp/hard\libc_nano.a(libc_a-findfp.o)
                0x0800ab40                __sfp_lock_acquire
 .text.__sfp_lock_release
                0x0800ab4c        0xc C:/ST/STM32CubeIDE_1.13.2/STM32CubeIDE/plugins/com.st.stm32cube.ide.mcu.externaltools.gnu-tools-for-stm32.13.3.rel1.win32_1.0.0.202411081344/tools/bin/../lib/gcc/arm-none-eabi/13.3.1/../../../../arm-none-eabi/lib/thumb/v7e-m+fp/hard\libc_nano.a(libc_a-findfp.o)
                0x0800ab4c                __sfp_lock_release
 .text.__sinit  0x0800ab58       0x30 C:/ST/STM32CubeIDE_1.13.2/STM32CubeIDE/plugins/com.st.stm32cube.ide.mcu.externaltools.gnu-tools-for-stm32.13.3.rel1.win32_1.0.0.202411081344/tools/bin/../lib/gcc/arm-none-eabi/13.3.1/../../../../arm-none-eabi/lib/thumb/v7e-m+fp/hard\libc_nano.a(libc_a-findfp.o)
                0x0800ab58                __sinit
 .text._fwalk_sglue
                0x0800ab88       0x3c C:/ST/STM32CubeIDE_1.13.2/STM32CubeIDE/plugins/com.st.stm32cube.ide.mcu.externaltools.gnu-tools-for-stm32.13.3.rel1.win32_1.0.0.202411081344/tools/bin/../lib/gcc/arm-none-eabi/13.3.1/../../../../arm-none-eabi/lib/thumb/v7e-m+fp/hard\libc_nano.a(libc_a-fwalk.o)
                0x0800ab88                _fwalk_sglue
 .text.setvbuf  0x0800abc4      0x168 C:/ST/STM32CubeIDE_1.13.2/STM32CubeIDE/plugins/com.st.stm32cube.ide.mcu.externaltools.gnu-tools-for-stm32.13.3.rel1.win32_1.0.0.202411081344/tools/bin/../lib/gcc/arm-none-eabi/13.3.1/../../../../arm-none-eabi/lib/thumb/v7e-m+fp/hard\libc_nano.a(libc_a-setvbuf.o)
                0x0800abc4                setvbuf
 .text.__sread  0x0800ad2c       0x22 C:/ST/STM32CubeIDE_1.13.2/STM32CubeIDE/plugins/com.st.stm32cube.ide.mcu.externaltools.gnu-tools-for-stm32.13.3.rel1.win32_1.0.0.202411081344/tools/bin/../lib/gcc/arm-none-eabi/13.3.1/../../../../arm-none-eabi/lib/thumb/v7e-m+fp/hard\libc_nano.a(libc_a-stdio.o)
                0x0800ad2c                __sread
 .text.__swrite
                0x0800ad4e       0x38 C:/ST/STM32CubeIDE_1.13.2/STM32CubeIDE/plugins/com.st.stm32cube.ide.mcu.externaltools.gnu-tools-for-stm32.13.3.rel1.win32_1.0.0.202411081344/tools/bin/../lib/gcc/arm-none-eabi/13.3.1/../../../../arm-none-eabi/lib/thumb/v7e-m+fp/hard\libc_nano.a(libc_a-stdio.o)
                0x0800ad4e                __swrite
 .text.__sseek  0x0800ad86       0x24 C:/ST/STM32CubeIDE_1.13.2/STM32CubeIDE/plugins/com.st.stm32cube.ide.mcu.externaltools.gnu-tools-for-stm32.13.3.rel1.win32_1.0.0.202411081344/tools/bin/../lib/gcc/arm-none-eabi/13.3.1/../../../../arm-none-eabi/lib/thumb/v7e-m+fp/hard\libc_nano.a(libc_a-stdio.o)
                0x0800ad86                __sseek
 .text.__sclose
                0x0800adaa        0x8 C:/ST/STM32CubeIDE_1.13.2/STM32CubeIDE/plugins/com.st.stm32cube.ide.mcu.externaltools.gnu-tools-for-stm32.13.3.rel1.win32_1.0.0.202411081344/tools/bin/../lib/gcc/arm-none-eabi/13.3.1/../../../../arm-none-eabi/lib/thumb/v7e-m+fp/hard\libc_nano.a(libc_a-stdio.o)
                0x0800adaa                __sclose
 .text.memmove  0x0800adb2       0x34 C:/ST/STM32CubeIDE_1.13.2/STM32CubeIDE/plugins/com.st.stm32cube.ide.mcu.externaltools.gnu-tools-for-stm32.13.3.rel1.win32_1.0.0.202411081344/tools/bin/../lib/gcc/arm-none-eabi/13.3.1/../../../../arm-none-eabi/lib/thumb/v7e-m+fp/hard\libc_nano.a(libc_a-memmove.o)
                0x0800adb2                memmove
 .text.memset   0x0800ade6       0x10 C:/ST/STM32CubeIDE_1.13.2/STM32CubeIDE/plugins/com.st.stm32cube.ide.mcu.externaltools.gnu-tools-for-stm32.13.3.rel1.win32_1.0.0.202411081344/tools/bin/../lib/gcc/arm-none-eabi/13.3.1/../../../../arm-none-eabi/lib/thumb/v7e-m+fp/hard\libc_nano.a(libc_a-memset.o)
                0x0800ade6                memset
 *fill*         0x0800adf6        0x2 
 .text._close_r
                0x0800adf8       0x20 C:/ST/STM32CubeIDE_1.13.2/STM32CubeIDE/plugins/com.st.stm32cube.ide.mcu.externaltools.gnu-tools-for-stm32.13.3.rel1.win32_1.0.0.202411081344/tools/bin/../lib/gcc/arm-none-eabi/13.3.1/../../../../arm-none-eabi/lib/thumb/v7e-m+fp/hard\libc_nano.a(libc_a-closer.o)
                0x0800adf8                _close_r
 .text._lseek_r
                0x0800ae18       0x24 C:/ST/STM32CubeIDE_1.13.2/STM32CubeIDE/plugins/com.st.stm32cube.ide.mcu.externaltools.gnu-tools-for-stm32.13.3.rel1.win32_1.0.0.202411081344/tools/bin/../lib/gcc/arm-none-eabi/13.3.1/../../../../arm-none-eabi/lib/thumb/v7e-m+fp/hard\libc_nano.a(libc_a-lseekr.o)
                0x0800ae18                _lseek_r
 .text._read_r  0x0800ae3c       0x24 C:/ST/STM32CubeIDE_1.13.2/STM32CubeIDE/plugins/com.st.stm32cube.ide.mcu.externaltools.gnu-tools-for-stm32.13.3.rel1.win32_1.0.0.202411081344/tools/bin/../lib/gcc/arm-none-eabi/13.3.1/../../../../arm-none-eabi/lib/thumb/v7e-m+fp/hard\libc_nano.a(libc_a-readr.o)
                0x0800ae3c                _read_r
 .text._sbrk_r  0x0800ae60       0x20 C:/ST/STM32CubeIDE_1.13.2/STM32CubeIDE/plugins/com.st.stm32cube.ide.mcu.externaltools.gnu-tools-for-stm32.13.3.rel1.win32_1.0.0.202411081344/tools/bin/../lib/gcc/arm-none-eabi/13.3.1/../../../../arm-none-eabi/lib/thumb/v7e-m+fp/hard\libc_nano.a(libc_a-sbrkr.o)
                0x0800ae60                _sbrk_r
 .text._write_r
                0x0800ae80       0x24 C:/ST/STM32CubeIDE_1.13.2/STM32CubeIDE/plugins/com.st.stm32cube.ide.mcu.externaltools.gnu-tools-for-stm32.13.3.rel1.win32_1.0.0.202411081344/tools/bin/../lib/gcc/arm-none-eabi/13.3.1/../../../../arm-none-eabi/lib/thumb/v7e-m+fp/hard\libc_nano.a(libc_a-writer.o)
                0x0800ae80                _write_r
 .text.__errno  0x0800aea4        0xc C:/ST/STM32CubeIDE_1.13.2/STM32CubeIDE/plugins/com.st.stm32cube.ide.mcu.externaltools.gnu-tools-for-stm32.13.3.rel1.win32_1.0.0.202411081344/tools/bin/../lib/gcc/arm-none-eabi/13.3.1/../../../../arm-none-eabi/lib/thumb/v7e-m+fp/hard\libc_nano.a(libc_a-errno.o)
                0x0800aea4                __errno
 .text.__libc_init_array
                0x0800aeb0       0x48 C:/ST/STM32CubeIDE_1.13.2/STM32CubeIDE/plugins/com.st.stm32cube.ide.mcu.externaltools.gnu-tools-for-stm32.13.3.rel1.win32_1.0.0.202411081344/tools/bin/../lib/gcc/arm-none-eabi/13.3.1/../../../../arm-none-eabi/lib/thumb/v7e-m+fp/hard\libc_nano.a(libc_a-init.o)
                0x0800aeb0                __libc_init_array
 .text.__retarget_lock_init_recursive
                0x0800aef8        0x2 C:/ST/STM32CubeIDE_1.13.2/STM32CubeIDE/plugins/com.st.stm32cube.ide.mcu.externaltools.gnu-tools-for-stm32.13.3.rel1.win32_1.0.0.202411081344/tools/bin/../lib/gcc/arm-none-eabi/13.3.1/../../../../arm-none-eabi/lib/thumb/v7e-m+fp/hard\libc_nano.a(libc_a-lock.o)
                0x0800aef8                __retarget_lock_init_recursive
 .text.__retarget_lock_acquire_recursive
                0x0800aefa        0x2 C:/ST/STM32CubeIDE_1.13.2/STM32CubeIDE/plugins/com.st.stm32cube.ide.mcu.externaltools.gnu-tools-for-stm32.13.3.rel1.win32_1.0.0.202411081344/tools/bin/../lib/gcc/arm-none-eabi/13.3.1/../../../../arm-none-eabi/lib/thumb/v7e-m+fp/hard\libc_nano.a(libc_a-lock.o)
                0x0800aefa                __retarget_lock_acquire_recursive
 .text.__retarget_lock_release_recursive
                0x0800aefc        0x2 C:/ST/STM32CubeIDE_1.13.2/STM32CubeIDE/plugins/com.st.stm32cube.ide.mcu.externaltools.gnu-tools-for-stm32.13.3.rel1.win32_1.0.0.202411081344/tools/bin/../lib/gcc/arm-none-eabi/13.3.1/../../../../arm-none-eabi/lib/thumb/v7e-m+fp/hard\libc_nano.a(libc_a-lock.o)
                0x0800aefc                __retarget_lock_release_recursive
 *fill*         0x0800aefe        0x2 
 .text._free_r  0x0800af00       0x94 C:/ST/STM32CubeIDE_1.13.2/STM32CubeIDE/plugins/com.st.stm32cube.ide.mcu.externaltools.gnu-tools-for-stm32.13.3.rel1.win32_1.0.0.202411081344/tools/bin/../lib/gcc/arm-none-eabi/13.3.1/../../../../arm-none-eabi/lib/thumb/v7e-m+fp/hard\libc_nano.a(libc_a-freer.o)
                0x0800af00                _free_r
 .text.__sflush_r
                0x0800af94      0x108 C:/ST/STM32CubeIDE_1.13.2/STM32CubeIDE/plugins/com.st.stm32cube.ide.mcu.externaltools.gnu-tools-for-stm32.13.3.rel1.win32_1.0.0.202411081344/tools/bin/../lib/gcc/arm-none-eabi/13.3.1/../../../../arm-none-eabi/lib/thumb/v7e-m+fp/hard\libc_nano.a(libc_a-fflush.o)
                0x0800af94                __sflush_r
 .text._fflush_r
                0x0800b09c       0x50 C:/ST/STM32CubeIDE_1.13.2/STM32CubeIDE/plugins/com.st.stm32cube.ide.mcu.externaltools.gnu-tools-for-stm32.13.3.rel1.win32_1.0.0.202411081344/tools/bin/../lib/gcc/arm-none-eabi/13.3.1/../../../../arm-none-eabi/lib/thumb/v7e-m+fp/hard\libc_nano.a(libc_a-fflush.o)
                0x0800b09c                _fflush_r
 .text.__swhatbuf_r
                0x0800b0ec       0x4c C:/ST/STM32CubeIDE_1.13.2/STM32CubeIDE/plugins/com.st.stm32cube.ide.mcu.externaltools.gnu-tools-for-stm32.13.3.rel1.win32_1.0.0.202411081344/tools/bin/../lib/gcc/arm-none-eabi/13.3.1/../../../../arm-none-eabi/lib/thumb/v7e-m+fp/hard\libc_nano.a(libc_a-makebuf.o)
                0x0800b0ec                __swhatbuf_r
 .text._fstat_r
                0x0800b138       0x24 C:/ST/STM32CubeIDE_1.13.2/STM32CubeIDE/plugins/com.st.stm32cube.ide.mcu.externaltools.gnu-tools-for-stm32.13.3.rel1.win32_1.0.0.202411081344/tools/bin/../lib/gcc/arm-none-eabi/13.3.1/../../../../arm-none-eabi/lib/thumb/v7e-m+fp/hard\libc_nano.a(libc_a-fstatr.o)
                0x0800b138                _fstat_r
 *(.glue_7)
 .glue_7        0x0800b15c        0x0 linker stubs
 *(.glue_7t)
 .glue_7t       0x0800b15c        0x0 linker stubs
 *(.eh_frame)
 .eh_frame      0x0800b15c        0x0 C:/ST/STM32CubeIDE_1.13.2/STM32CubeIDE/plugins/com.st.stm32cube.ide.mcu.externaltools.gnu-tools-for-stm32.13.3.rel1.win32_1.0.0.202411081344/tools/bin/../lib/gcc/arm-none-eabi/13.3.1/thumb/v7e-m+fp/hard/crtbegin.o
 *(.init)
 .init          0x0800b15c        0x4 C:/ST/STM32CubeIDE_1.13.2/STM32CubeIDE/plugins/com.st.stm32cube.ide.mcu.externaltools.gnu-tools-for-stm32.13.3.rel1.win32_1.0.0.202411081344/tools/bin/../lib/gcc/arm-none-eabi/13.3.1/thumb/v7e-m+fp/hard/crti.o
                0x0800b15c                _init
 .init          0x0800b160        0x8 C:/ST/STM32CubeIDE_1.13.2/STM32CubeIDE/plugins/com.st.stm32cube.ide.mcu.externaltools.gnu-tools-for-stm32.13.3.rel1.win32_1.0.0.202411081344/tools/bin/../lib/gcc/arm-none-eabi/13.3.1/thumb/v7e-m+fp/hard/crtn.o
 *(.fini)
 .fini          0x0800b168        0x4 C:/ST/STM32CubeIDE_1.13.2/STM32CubeIDE/plugins/com.st.stm32cube.ide.mcu.externaltools.gnu-tools-for-stm32.13.3.rel1.win32_1.0.0.202411081344/tools/bin/../lib/gcc/arm-none-eabi/13.3.1/thumb/v7e-m+fp/hard/crti.o
                0x0800b168                _fini
 .fini          0x0800b16c        0x8 C:/ST/STM32CubeIDE_1.13.2/STM32CubeIDE/plugins/com.st.stm32cube.ide.mcu.externaltools.gnu-tools-for-stm32.13.3.rel1.win32_1.0.0.202411081344/tools/bin/../lib/gcc/arm-none-eabi/13.3.1/thumb/v7e-m+fp/hard/crtn.o
                0x0800b174                        . = ALIGN (0x4)
                0x0800b174                        _etext = .

.vfp11_veneer   0x0800b174        0x0
 .vfp11_veneer  0x0800b174        0x0 linker stubs

.v4_bx          0x0800b174        0x0
 .v4_bx         0x0800b174        0x0 linker stubs

.iplt           0x0800b174        0x0
 .iplt          0x0800b174        0x0 C:/ST/STM32CubeIDE_1.13.2/STM32CubeIDE/plugins/com.st.stm32cube.ide.mcu.externaltools.gnu-tools-for-stm32.13.3.rel1.win32_1.0.0.202411081344/tools/bin/../lib/gcc/arm-none-eabi/13.3.1/thumb/v7e-m+fp/hard/crtbegin.o

.rodata         0x0800b180     0x1840
                0x0800b180                        . = ALIGN (0x4)
 *(.rodata)
 .rodata        0x0800b180       0x87 ./Core/Src/main.o
 *fill*         0x0800b207        0x1 
 .rodata        0x0800b208       0x30 ./X-CUBE-AI/App/network_data.o
 *(.rodata*)
 .rodata.LOOKUP
                0x0800b238       0x1d ./Core/Src/main.o
                0x0800b238                LOOKUP
 *fill*         0x0800b255        0x3 
 .rodata.AHBPrescTable
                0x0800b258       0x10 ./Core/Src/system_stm32f4xx.o
                0x0800b258                AHBPrescTable
 .rodata.APBPrescTable
                0x0800b268        0x8 ./Core/Src/system_stm32f4xx.o
                0x0800b268                APBPrescTable
 .rodata.__compound_literal.0
                0x0800b270        0x4 ./X-CUBE-AI/App/network.o
 .rodata.__compound_literal.1
                0x0800b274        0x1 ./X-CUBE-AI/App/network.o
 *fill*         0x0800b275        0x3 
 .rodata.__compound_literal.2
                0x0800b278        0x8 ./X-CUBE-AI/App/network.o
 .rodata.conv2d_1_output_array_intq
                0x0800b280        0x8 ./X-CUBE-AI/App/network.o
 .rodata.__compound_literal.3
                0x0800b288       0x40 ./X-CUBE-AI/App/network.o
 .rodata.__compound_literal.4
                0x0800b2c8       0x10 ./X-CUBE-AI/App/network.o
 .rodata.__compound_literal.5
                0x0800b2d8        0x8 ./X-CUBE-AI/App/network.o
 .rodata.conv2d_1_weights_array_intq
                0x0800b2e0        0x8 ./X-CUBE-AI/App/network.o
 .rodata.__compound_literal.6
                0x0800b2e8        0x4 ./X-CUBE-AI/App/network.o
 .rodata.__compound_literal.7
                0x0800b2ec        0x1 ./X-CUBE-AI/App/network.o
 *fill*         0x0800b2ed        0x3 
 .rodata.__compound_literal.8
                0x0800b2f0        0x8 ./X-CUBE-AI/App/network.o
 .rodata.conv2d_7_output_array_intq
                0x0800b2f8        0x8 ./X-CUBE-AI/App/network.o
 .rodata.__compound_literal.9
                0x0800b300        0x4 ./X-CUBE-AI/App/network.o
 .rodata.__compound_literal.10
                0x0800b304        0x1 ./X-CUBE-AI/App/network.o
 *fill*         0x0800b305        0x3 
 .rodata.__compound_literal.11
                0x0800b308        0x8 ./X-CUBE-AI/App/network.o
 .rodata.conv2d_7_pad_before_output_array_intq
                0x0800b310        0x8 ./X-CUBE-AI/App/network.o
 .rodata.__compound_literal.12
                0x0800b318       0x80 ./X-CUBE-AI/App/network.o
 .rodata.__compound_literal.13
                0x0800b398       0x20 ./X-CUBE-AI/App/network.o
 .rodata.__compound_literal.14
                0x0800b3b8        0x8 ./X-CUBE-AI/App/network.o
 .rodata.conv2d_7_weights_array_intq
                0x0800b3c0        0x8 ./X-CUBE-AI/App/network.o
 .rodata.__compound_literal.15
                0x0800b3c8        0x4 ./X-CUBE-AI/App/network.o
 .rodata.__compound_literal.16
                0x0800b3cc        0x1 ./X-CUBE-AI/App/network.o
 *fill*         0x0800b3cd        0x3 
 .rodata.__compound_literal.17
                0x0800b3d0        0x8 ./X-CUBE-AI/App/network.o
 .rodata.gemm_13_output_array_intq
                0x0800b3d8        0x8 ./X-CUBE-AI/App/network.o
 .rodata.__compound_literal.18
                0x0800b3e0       0x80 ./X-CUBE-AI/App/network.o
 .rodata.__compound_literal.19
                0x0800b460       0x20 ./X-CUBE-AI/App/network.o
 .rodata.__compound_literal.20
                0x0800b480        0x8 ./X-CUBE-AI/App/network.o
 .rodata.gemm_13_weights_array_intq
                0x0800b488        0x8 ./X-CUBE-AI/App/network.o
 .rodata.__compound_literal.21
                0x0800b490        0x4 ./X-CUBE-AI/App/network.o
 .rodata.__compound_literal.22
                0x0800b494        0x1 ./X-CUBE-AI/App/network.o
 *fill*         0x0800b495        0x3 
 .rodata.__compound_literal.23
                0x0800b498        0x8 ./X-CUBE-AI/App/network.o
 .rodata.gemm_14_output_array_intq
                0x0800b4a0        0x8 ./X-CUBE-AI/App/network.o
 .rodata.__compound_literal.24
                0x0800b4a8       0x70 ./X-CUBE-AI/App/network.o
 .rodata.__compound_literal.25
                0x0800b518       0x1c ./X-CUBE-AI/App/network.o
 .rodata.__compound_literal.26
                0x0800b534        0x8 ./X-CUBE-AI/App/network.o
 .rodata.gemm_14_weights_array_intq
                0x0800b53c        0x8 ./X-CUBE-AI/App/network.o
 .rodata.__compound_literal.27
                0x0800b544        0x4 ./X-CUBE-AI/App/network.o
 .rodata.__compound_literal.28
                0x0800b548        0x1 ./X-CUBE-AI/App/network.o
 *fill*         0x0800b549        0x3 
 .rodata.__compound_literal.29
                0x0800b54c        0x8 ./X-CUBE-AI/App/network.o
 .rodata.nl_15_output_array_intq
                0x0800b554        0x8 ./X-CUBE-AI/App/network.o
 .rodata.__compound_literal.30
                0x0800b55c        0x4 ./X-CUBE-AI/App/network.o
 .rodata.__compound_literal.31
                0x0800b560        0x1 ./X-CUBE-AI/App/network.o
 *fill*         0x0800b561        0x3 
 .rodata.__compound_literal.32
                0x0800b564        0x8 ./X-CUBE-AI/App/network.o
 .rodata.pool_10_output_array_intq
                0x0800b56c        0x8 ./X-CUBE-AI/App/network.o
 .rodata.__compound_literal.33
                0x0800b574        0x4 ./X-CUBE-AI/App/network.o
 .rodata.__compound_literal.34
                0x0800b578        0x1 ./X-CUBE-AI/App/network.o
 *fill*         0x0800b579        0x3 
 .rodata.__compound_literal.35
                0x0800b57c        0x8 ./X-CUBE-AI/App/network.o
 .rodata.pool_12_output_array_intq
                0x0800b584        0x8 ./X-CUBE-AI/App/network.o
 .rodata.__compound_literal.36
                0x0800b58c        0x4 ./X-CUBE-AI/App/network.o
 .rodata.__compound_literal.37
                0x0800b590        0x1 ./X-CUBE-AI/App/network.o
 *fill*         0x0800b591        0x3 
 .rodata.__compound_literal.38
                0x0800b594        0x8 ./X-CUBE-AI/App/network.o
 .rodata.pool_4_output_array_intq
                0x0800b59c        0x8 ./X-CUBE-AI/App/network.o
 .rodata.__compound_literal.39
                0x0800b5a4        0x4 ./X-CUBE-AI/App/network.o
 .rodata.__compound_literal.40
                0x0800b5a8        0x1 ./X-CUBE-AI/App/network.o
 *fill*         0x0800b5a9        0x3 
 .rodata.__compound_literal.41
                0x0800b5ac        0x8 ./X-CUBE-AI/App/network.o
 .rodata.serving_default_keras_tensor0_output_array_intq
                0x0800b5b4        0x8 ./X-CUBE-AI/App/network.o
 .rodata.nl_15_nl_params_data
                0x0800b5bc        0xc ./X-CUBE-AI/App/network.o
 .rodata.nl_15_nl_params
                0x0800b5c8       0x10 ./X-CUBE-AI/App/network.o
 .rodata.nl_15_chain
                0x0800b5d8        0x8 ./X-CUBE-AI/App/network.o
 .rodata.gemm_14_chain
                0x0800b5e0        0x8 ./X-CUBE-AI/App/network.o
 .rodata.gemm_13_chain
                0x0800b5e8        0x8 ./X-CUBE-AI/App/network.o
 .rodata.pool_12_chain
                0x0800b5f0        0x8 ./X-CUBE-AI/App/network.o
 .rodata.pool_10_chain
                0x0800b5f8        0x8 ./X-CUBE-AI/App/network.o
 .rodata.conv2d_7_chain
                0x0800b600        0x8 ./X-CUBE-AI/App/network.o
 .rodata.conv2d_7_pad_before_value_data
                0x0800b608        0x1 ./X-CUBE-AI/App/network.o
 *fill*         0x0800b609        0x3 
 .rodata.conv2d_7_pad_before_value
                0x0800b60c       0x10 ./X-CUBE-AI/App/network.o
 .rodata.conv2d_7_pad_before_chain
                0x0800b61c        0x8 ./X-CUBE-AI/App/network.o
 .rodata.pool_4_chain
                0x0800b624        0x8 ./X-CUBE-AI/App/network.o
 .rodata.conv2d_1_chain
                0x0800b62c        0x8 ./X-CUBE-AI/App/network.o
 *fill*         0x0800b634        0xc 
 .rodata.s_network_weights_array_u64
                0x0800b640     0x1380 ./X-CUBE-AI/App/network_data_params.o
                0x0800b640                s_network_weights_array_u64
                0x0800c9c0                        . = ALIGN (0x4)

.ARM.extab      0x0800c9c0        0x0
                0x0800c9c0                        . = ALIGN (0x4)
 *(.ARM.extab* .gnu.linkonce.armextab.*)
                0x0800c9c0                        . = ALIGN (0x4)

.ARM            0x0800c9c0        0x8
                0x0800c9c0                        . = ALIGN (0x4)
                0x0800c9c0                        __exidx_start = .
 *(.ARM.exidx*)
 .ARM.exidx     0x0800c9c0        0x8 C:/ST/STM32CubeIDE_1.13.2/STM32CubeIDE/plugins/com.st.stm32cube.ide.mcu.externaltools.gnu-tools-for-stm32.13.3.rel1.win32_1.0.0.202411081344/tools/bin/../lib/gcc/arm-none-eabi/13.3.1/thumb/v7e-m+fp/hard\libgcc.a(_udivmoddi4.o)
                0x0800c9c8                        __exidx_end = .
                0x0800c9c8                        . = ALIGN (0x4)

.preinit_array  0x0800c9c8        0x0
                0x0800c9c8                        . = ALIGN (0x4)
                0x0800c9c8                        PROVIDE (__preinit_array_start = .)
 *(.preinit_array*)
                0x0800c9c8                        PROVIDE (__preinit_array_end = .)
                0x0800c9c8                        . = ALIGN (0x4)

.init_array     0x0800c9c8        0x4
                0x0800c9c8                        . = ALIGN (0x4)
                0x0800c9c8                        PROVIDE (__init_array_start = .)
 *(SORT_BY_NAME(.init_array.*))
 *(.init_array*)
 .init_array    0x0800c9c8        0x4 C:/ST/STM32CubeIDE_1.13.2/STM32CubeIDE/plugins/com.st.stm32cube.ide.mcu.externaltools.gnu-tools-for-stm32.13.3.rel1.win32_1.0.0.202411081344/tools/bin/../lib/gcc/arm-none-eabi/13.3.1/thumb/v7e-m+fp/hard/crtbegin.o
                0x0800c9cc                        PROVIDE (__init_array_end = .)
                0x0800c9cc                        . = ALIGN (0x4)

.fini_array     0x0800c9cc        0x4
                0x0800c9cc                        . = ALIGN (0x4)
                [!provide]                        PROVIDE (__fini_array_start = .)
 *(SORT_BY_NAME(.fini_array.*))
 *(.fini_array*)
 .fini_array    0x0800c9cc        0x4 C:/ST/STM32CubeIDE_1.13.2/STM32CubeIDE/plugins/com.st.stm32cube.ide.mcu.externaltools.gnu-tools-for-stm32.13.3.rel1.win32_1.0.0.202411081344/tools/bin/../lib/gcc/arm-none-eabi/13.3.1/thumb/v7e-m+fp/hard/crtbegin.o
                [!provide]                        PROVIDE (__fini_array_end = .)
                0x0800c9d0                        . = ALIGN (0x4)
                0x0800c9d0                        _sidata = LOADADDR (.data)

.rel.dyn        0x0800c9d0        0x0
 .rel.iplt      0x0800c9d0        0x0 C:/ST/STM32CubeIDE_1.13.2/STM32CubeIDE/plugins/com.st.stm32cube.ide.mcu.externaltools.gnu-tools-for-stm32.13.3.rel1.win32_1.0.0.202411081344/tools/bin/../lib/gcc/arm-none-eabi/13.3.1/thumb/v7e-m+fp/hard/crtbegin.o

.data           0x20000000      0xcf4 load address 0x0800c9d0
                0x20000000                        . = ALIGN (0x4)
                0x20000000                        _sdata = .
 *(.data)
 *(.data*)
 .data.SystemCoreClock
                0x20000000        0x4 ./Core/Src/system_stm32f4xx.o
                0x20000000                SystemCoreClock
 .data.uwTickPrio
                0x20000004        0x4 ./Drivers/STM32F4xx_HAL_Driver/Src/stm32f4xx_hal.o
                0x20000004                uwTickPrio
 .data.uwTickFreq
                0x20000008        0x1 ./Drivers/STM32F4xx_HAL_Driver/Src/stm32f4xx_hal.o
                0x20000008                uwTickFreq
 *fill*         0x20000009        0x3 
 .data.serving_default_keras_tensor0_output_array
                0x2000000c       0x10 ./X-CUBE-AI/App/network.o
 .data.conv2d_1_output_array
                0x2000001c       0x10 ./X-CUBE-AI/App/network.o
 .data.pool_4_output_array
                0x2000002c       0x10 ./X-CUBE-AI/App/network.o
 .data.conv2d_7_pad_before_output_array
                0x2000003c       0x10 ./X-CUBE-AI/App/network.o
 .data.conv2d_7_output_array
                0x2000004c       0x10 ./X-CUBE-AI/App/network.o
 .data.pool_10_output_array
                0x2000005c       0x10 ./X-CUBE-AI/App/network.o
 .data.pool_12_output_array
                0x2000006c       0x10 ./X-CUBE-AI/App/network.o
 .data.gemm_13_output_array
                0x2000007c       0x10 ./X-CUBE-AI/App/network.o
 .data.gemm_14_output_array
                0x2000008c       0x10 ./X-CUBE-AI/App/network.o
 .data.nl_15_output_array
                0x2000009c       0x10 ./X-CUBE-AI/App/network.o
 .data.conv2d_1_weights_array
                0x200000ac       0x10 ./X-CUBE-AI/App/network.o
 .data.conv2d_1_bias_array
                0x200000bc       0x10 ./X-CUBE-AI/App/network.o
 .data.conv2d_7_weights_array
                0x200000cc       0x10 ./X-CUBE-AI/App/network.o
 .data.conv2d_7_bias_array
                0x200000dc       0x10 ./X-CUBE-AI/App/network.o
 .data.gemm_13_weights_array
                0x200000ec       0x10 ./X-CUBE-AI/App/network.o
 .data.gemm_13_bias_array
                0x200000fc       0x10 ./X-CUBE-AI/App/network.o
 .data.gemm_14_weights_array
                0x2000010c       0x10 ./X-CUBE-AI/App/network.o
 .data.gemm_14_bias_array
                0x2000011c       0x10 ./X-CUBE-AI/App/network.o
 .data.conv2d_1_scratch0_array
                0x2000012c       0x10 ./X-CUBE-AI/App/network.o
 .data.conv2d_7_scratch0_array
                0x2000013c       0x10 ./X-CUBE-AI/App/network.o
 .data.gemm_13_scratch0_array
                0x2000014c       0x10 ./X-CUBE-AI/App/network.o
 .data.gemm_14_scratch0_array
                0x2000015c       0x10 ./X-CUBE-AI/App/network.o
 .data.nl_15_scratch0_array
                0x2000016c       0x10 ./X-CUBE-AI/App/network.o
 .data.__compound_literal.42
                0x2000017c       0x10 ./X-CUBE-AI/App/network.o
 .data.__compound_literal.43
                0x2000018c       0x10 ./X-CUBE-AI/App/network.o
 .data.conv2d_1_bias
                0x2000019c       0x1c ./X-CUBE-AI/App/network.o
 .data.__compound_literal.44
                0x200001b8       0x10 ./X-CUBE-AI/App/network.o
 .data.__compound_literal.45
                0x200001c8       0x10 ./X-CUBE-AI/App/network.o
 .data.conv2d_1_output
                0x200001d8       0x1c ./X-CUBE-AI/App/network.o
 .data.__compound_literal.46
                0x200001f4       0x10 ./X-CUBE-AI/App/network.o
 .data.__compound_literal.47
                0x20000204       0x10 ./X-CUBE-AI/App/network.o
 .data.conv2d_1_scratch0
                0x20000214       0x1c ./X-CUBE-AI/App/network.o
 .data.__compound_literal.48
                0x20000230       0x10 ./X-CUBE-AI/App/network.o
 .data.__compound_literal.49
                0x20000240       0x10 ./X-CUBE-AI/App/network.o
 .data.conv2d_1_weights
                0x20000250       0x1c ./X-CUBE-AI/App/network.o
 .data.__compound_literal.50
                0x2000026c       0x10 ./X-CUBE-AI/App/network.o
 .data.__compound_literal.51
                0x2000027c       0x10 ./X-CUBE-AI/App/network.o
 .data.conv2d_7_bias
                0x2000028c       0x1c ./X-CUBE-AI/App/network.o
 .data.__compound_literal.52
                0x200002a8       0x10 ./X-CUBE-AI/App/network.o
 .data.__compound_literal.53
                0x200002b8       0x10 ./X-CUBE-AI/App/network.o
 .data.conv2d_7_output
                0x200002c8       0x1c ./X-CUBE-AI/App/network.o
 .data.__compound_literal.54
                0x200002e4       0x10 ./X-CUBE-AI/App/network.o
 .data.__compound_literal.55
                0x200002f4       0x10 ./X-CUBE-AI/App/network.o
 .data.conv2d_7_pad_before_output
                0x20000304       0x1c ./X-CUBE-AI/App/network.o
 .data.__compound_literal.56
                0x20000320       0x10 ./X-CUBE-AI/App/network.o
 .data.__compound_literal.57
                0x20000330       0x10 ./X-CUBE-AI/App/network.o
 .data.conv2d_7_scratch0
                0x20000340       0x1c ./X-CUBE-AI/App/network.o
 .data.__compound_literal.58
                0x2000035c       0x10 ./X-CUBE-AI/App/network.o
 .data.__compound_literal.59
                0x2000036c       0x10 ./X-CUBE-AI/App/network.o
 .data.conv2d_7_weights
                0x2000037c       0x1c ./X-CUBE-AI/App/network.o
 .data.__compound_literal.60
                0x20000398       0x10 ./X-CUBE-AI/App/network.o
 .data.__compound_literal.61
                0x200003a8       0x10 ./X-CUBE-AI/App/network.o
 .data.gemm_13_bias
                0x200003b8       0x1c ./X-CUBE-AI/App/network.o
 .data.__compound_literal.62
                0x200003d4       0x10 ./X-CUBE-AI/App/network.o
 .data.__compound_literal.63
                0x200003e4       0x10 ./X-CUBE-AI/App/network.o
 .data.gemm_13_output
                0x200003f4       0x1c ./X-CUBE-AI/App/network.o
 .data.__compound_literal.64
                0x20000410       0x10 ./X-CUBE-AI/App/network.o
 .data.__compound_literal.65
                0x20000420       0x10 ./X-CUBE-AI/App/network.o
 .data.gemm_13_scratch0
                0x20000430       0x1c ./X-CUBE-AI/App/network.o
 .data.__compound_literal.66
                0x2000044c       0x10 ./X-CUBE-AI/App/network.o
 .data.__compound_literal.67
                0x2000045c       0x10 ./X-CUBE-AI/App/network.o
 .data.gemm_13_weights
                0x2000046c       0x1c ./X-CUBE-AI/App/network.o
 .data.__compound_literal.68
                0x20000488       0x10 ./X-CUBE-AI/App/network.o
 .data.__compound_literal.69
                0x20000498       0x10 ./X-CUBE-AI/App/network.o
 .data.gemm_14_bias
                0x200004a8       0x1c ./X-CUBE-AI/App/network.o
 .data.__compound_literal.70
                0x200004c4       0x10 ./X-CUBE-AI/App/network.o
 .data.__compound_literal.71
                0x200004d4       0x10 ./X-CUBE-AI/App/network.o
 .data.gemm_14_output
                0x200004e4       0x1c ./X-CUBE-AI/App/network.o
 .data.__compound_literal.72
                0x20000500       0x10 ./X-CUBE-AI/App/network.o
 .data.__compound_literal.73
                0x20000510       0x10 ./X-CUBE-AI/App/network.o
 .data.gemm_14_scratch0
                0x20000520       0x1c ./X-CUBE-AI/App/network.o
 .data.__compound_literal.74
                0x2000053c       0x10 ./X-CUBE-AI/App/network.o
 .data.__compound_literal.75
                0x2000054c       0x10 ./X-CUBE-AI/App/network.o
 .data.gemm_14_weights
                0x2000055c       0x1c ./X-CUBE-AI/App/network.o
 .data.__compound_literal.76
                0x20000578       0x10 ./X-CUBE-AI/App/network.o
 .data.__compound_literal.77
                0x20000588       0x10 ./X-CUBE-AI/App/network.o
 .data.nl_15_output
                0x20000598       0x1c ./X-CUBE-AI/App/network.o
 .data.__compound_literal.78
                0x200005b4       0x10 ./X-CUBE-AI/App/network.o
 .data.__compound_literal.79
                0x200005c4       0x10 ./X-CUBE-AI/App/network.o
 .data.nl_15_scratch0
                0x200005d4       0x1c ./X-CUBE-AI/App/network.o
 .data.__compound_literal.80
                0x200005f0       0x10 ./X-CUBE-AI/App/network.o
 .data.__compound_literal.81
                0x20000600       0x10 ./X-CUBE-AI/App/network.o
 .data.pool_10_output
                0x20000610       0x1c ./X-CUBE-AI/App/network.o
 .data.__compound_literal.82
                0x2000062c       0x10 ./X-CUBE-AI/App/network.o
 .data.__compound_literal.83
                0x2000063c       0x10 ./X-CUBE-AI/App/network.o
 .data.pool_10_output0
                0x2000064c       0x1c ./X-CUBE-AI/App/network.o
 .data.__compound_literal.84
                0x20000668       0x10 ./X-CUBE-AI/App/network.o
 .data.__compound_literal.85
                0x20000678       0x10 ./X-CUBE-AI/App/network.o
 .data.pool_12_output
                0x20000688       0x1c ./X-CUBE-AI/App/network.o
 .data.__compound_literal.86
                0x200006a4       0x10 ./X-CUBE-AI/App/network.o
 .data.__compound_literal.87
                0x200006b4       0x10 ./X-CUBE-AI/App/network.o
 .data.pool_4_output
                0x200006c4       0x1c ./X-CUBE-AI/App/network.o
 .data.__compound_literal.88
                0x200006e0       0x10 ./X-CUBE-AI/App/network.o
 .data.__compound_literal.89
                0x200006f0       0x10 ./X-CUBE-AI/App/network.o
 .data.serving_default_keras_tensor0_output
                0x20000700       0x1c ./X-CUBE-AI/App/network.o
 .data.__compound_literal.90
                0x2000071c       0x10 ./X-CUBE-AI/App/network.o
 .data.__compound_literal.91
                0x2000072c       0x10 ./X-CUBE-AI/App/network.o
 .data.serving_default_keras_tensor0_output0
                0x2000073c       0x1c ./X-CUBE-AI/App/network.o
 .data.__compound_literal.92
                0x20000758        0x4 ./X-CUBE-AI/App/network.o
 .data.__compound_literal.93
                0x2000075c        0x4 ./X-CUBE-AI/App/network.o
 .data.__compound_literal.95
                0x20000760        0x4 ./X-CUBE-AI/App/network.o
 .data.__compound_literal.96
                0x20000764       0x30 ./X-CUBE-AI/App/network.o
 .data.nl_15_layer
                0x20000794       0x24 ./X-CUBE-AI/App/network.o
 .data.__compound_literal.97
                0x200007b8        0x4 ./X-CUBE-AI/App/network.o
 .data.__compound_literal.98
                0x200007bc        0x4 ./X-CUBE-AI/App/network.o
 .data.__compound_literal.99
                0x200007c0        0x8 ./X-CUBE-AI/App/network.o
 .data.__compound_literal.100
                0x200007c8        0x4 ./X-CUBE-AI/App/network.o
 .data.__compound_literal.101
                0x200007cc       0x30 ./X-CUBE-AI/App/network.o
 .data.gemm_14_layer
                0x200007fc       0x1c ./X-CUBE-AI/App/network.o
 .data.__compound_literal.102
                0x20000818        0x4 ./X-CUBE-AI/App/network.o
 .data.__compound_literal.103
                0x2000081c        0x4 ./X-CUBE-AI/App/network.o
 .data.__compound_literal.104
                0x20000820        0x8 ./X-CUBE-AI/App/network.o
 .data.__compound_literal.105
                0x20000828        0x4 ./X-CUBE-AI/App/network.o
 .data.__compound_literal.106
                0x2000082c       0x30 ./X-CUBE-AI/App/network.o
 .data.gemm_13_layer
                0x2000085c       0x1c ./X-CUBE-AI/App/network.o
 .data.__compound_literal.107
                0x20000878        0x4 ./X-CUBE-AI/App/network.o
 .data.__compound_literal.108
                0x2000087c        0x4 ./X-CUBE-AI/App/network.o
 .data.__compound_literal.111
                0x20000880       0x30 ./X-CUBE-AI/App/network.o
 .data.pool_12_layer
                0x200008b0       0x38 ./X-CUBE-AI/App/network.o
 .data.__compound_literal.113
                0x200008e8        0x4 ./X-CUBE-AI/App/network.o
 .data.__compound_literal.114
                0x200008ec        0x4 ./X-CUBE-AI/App/network.o
 .data.__compound_literal.117
                0x200008f0       0x30 ./X-CUBE-AI/App/network.o
 .data.pool_10_layer
                0x20000920       0x38 ./X-CUBE-AI/App/network.o
 .data.__compound_literal.119
                0x20000958        0x4 ./X-CUBE-AI/App/network.o
 .data.__compound_literal.120
                0x2000095c        0x4 ./X-CUBE-AI/App/network.o
 .data.__compound_literal.121
                0x20000960        0xc ./X-CUBE-AI/App/network.o
 .data.__compound_literal.122
                0x2000096c        0x4 ./X-CUBE-AI/App/network.o
 .data.__compound_literal.123
                0x20000970       0x30 ./X-CUBE-AI/App/network.o
 .data.conv2d_7_layer
                0x200009a0       0x44 ./X-CUBE-AI/App/network.o
 .data.__compound_literal.125
                0x200009e4        0x4 ./X-CUBE-AI/App/network.o
 .data.__compound_literal.126
                0x200009e8        0x4 ./X-CUBE-AI/App/network.o
 .data.__compound_literal.129
                0x200009ec       0x30 ./X-CUBE-AI/App/network.o
 .data.__compound_literal.130
                0x20000a1c       0x10 ./X-CUBE-AI/App/network.o
 .data.conv2d_7_pad_before_layer
                0x20000a2c       0x2c ./X-CUBE-AI/App/network.o
 .data.__compound_literal.131
                0x20000a58        0x4 ./X-CUBE-AI/App/network.o
 .data.__compound_literal.132
                0x20000a5c        0x4 ./X-CUBE-AI/App/network.o
 .data.__compound_literal.135
                0x20000a60       0x30 ./X-CUBE-AI/App/network.o
 .data.pool_4_layer
                0x20000a90       0x38 ./X-CUBE-AI/App/network.o
 .data.__compound_literal.137
                0x20000ac8        0x4 ./X-CUBE-AI/App/network.o
 .data.__compound_literal.138
                0x20000acc        0x4 ./X-CUBE-AI/App/network.o
 .data.__compound_literal.139
                0x20000ad0        0xc ./X-CUBE-AI/App/network.o
 .data.__compound_literal.140
                0x20000adc        0x4 ./X-CUBE-AI/App/network.o
 .data.__compound_literal.141
                0x20000ae0       0x30 ./X-CUBE-AI/App/network.o
 .data.__compound_literal.142
                0x20000b10       0x10 ./X-CUBE-AI/App/network.o
 .data.conv2d_1_layer
                0x20000b20       0x44 ./X-CUBE-AI/App/network.o
 .data.__compound_literal.143
                0x20000b64       0x10 ./X-CUBE-AI/App/network.o
 .data.__compound_literal.144
                0x20000b74       0x1c ./X-CUBE-AI/App/network.o
 .data.__compound_literal.145
                0x20000b90       0x10 ./X-CUBE-AI/App/network.o
 .data.__compound_literal.146
                0x20000ba0       0x1c ./X-CUBE-AI/App/network.o
 .data.__compound_literal.147
                0x20000bbc        0x4 ./X-CUBE-AI/App/network.o
 .data.__compound_literal.151
                0x20000bc0        0xc ./X-CUBE-AI/App/network.o
 .data.__compound_literal.152
                0x20000bcc        0x4 ./X-CUBE-AI/App/network.o
 .data.__compound_literal.156
                0x20000bd0        0xc ./X-CUBE-AI/App/network.o
 .data.__compound_literal.157
                0x20000bdc       0x18 ./X-CUBE-AI/App/network.o
 .data.g_network
                0x20000bf4       0x4c ./X-CUBE-AI/App/network.o
 .data.__compound_literal.0
                0x20000c40       0x10 ./X-CUBE-AI/App/network_data.o
 .data.g_network_data_map_activations
                0x20000c50       0x1c ./X-CUBE-AI/App/network_data.o
                0x20000c50                g_network_data_map_activations
 .data.__compound_literal.1
                0x20000c6c       0x10 ./X-CUBE-AI/App/network_data.o
 .data.g_network_data_map_weights
                0x20000c7c       0x1c ./X-CUBE-AI/App/network_data.o
                0x20000c7c                g_network_data_map_weights
 .data.__sglue  0x20000c98        0xc C:/ST/STM32CubeIDE_1.13.2/STM32CubeIDE/plugins/com.st.stm32cube.ide.mcu.externaltools.gnu-tools-for-stm32.13.3.rel1.win32_1.0.0.202411081344/tools/bin/../lib/gcc/arm-none-eabi/13.3.1/../../../../arm-none-eabi/lib/thumb/v7e-m+fp/hard\libc_nano.a(libc_a-findfp.o)
                0x20000c98                __sglue
 .data._impure_ptr
                0x20000ca4        0x4 C:/ST/STM32CubeIDE_1.13.2/STM32CubeIDE/plugins/com.st.stm32cube.ide.mcu.externaltools.gnu-tools-for-stm32.13.3.rel1.win32_1.0.0.202411081344/tools/bin/../lib/gcc/arm-none-eabi/13.3.1/../../../../arm-none-eabi/lib/thumb/v7e-m+fp/hard\libc_nano.a(libc_a-impure.o)
                0x20000ca4                _impure_ptr
 .data._impure_data
                0x20000ca8       0x4c C:/ST/STM32CubeIDE_1.13.2/STM32CubeIDE/plugins/com.st.stm32cube.ide.mcu.externaltools.gnu-tools-for-stm32.13.3.rel1.win32_1.0.0.202411081344/tools/bin/../lib/gcc/arm-none-eabi/13.3.1/../../../../arm-none-eabi/lib/thumb/v7e-m+fp/hard\libc_nano.a(libc_a-impure.o)
                0x20000ca8                _impure_data
 *(.RamFunc)
 *(.RamFunc*)
                0x20000cf4                        . = ALIGN (0x4)
                0x20000cf4                        _edata = .

.igot.plt       0x20000cf4        0x0 load address 0x0800d6c4
 .igot.plt      0x20000cf4        0x0 C:/ST/STM32CubeIDE_1.13.2/STM32CubeIDE/plugins/com.st.stm32cube.ide.mcu.externaltools.gnu-tools-for-stm32.13.3.rel1.win32_1.0.0.202411081344/tools/bin/../lib/gcc/arm-none-eabi/13.3.1/thumb/v7e-m+fp/hard/crtbegin.o
                0x20000cf4                        . = ALIGN (0x4)

.bss            0x20000cf4     0x2484 load address 0x0800d6c4
                0x20000cf4                        _sbss = .
                0x20000cf4                        __bss_start__ = _sbss
 *(.bss)
 .bss           0x20000cf4       0x1c C:/ST/STM32CubeIDE_1.13.2/STM32CubeIDE/plugins/com.st.stm32cube.ide.mcu.externaltools.gnu-tools-for-stm32.13.3.rel1.win32_1.0.0.202411081344/tools/bin/../lib/gcc/arm-none-eabi/13.3.1/thumb/v7e-m+fp/hard/crtbegin.o
 *(.bss*)
 .bss.hcrc      0x20000d10        0x8 ./Core/Src/crc.o
                0x20000d10                hcrc
 .bss.input_buffer
                0x20000d18       0x64 ./Core/Src/main.o
                0x20000d18                input_buffer
 .bss.output_buffer
                0x20000d7c       0x1c ./Core/Src/main.o
                0x20000d7c                output_buffer
 .bss.buffer_idx
                0x20000d98        0x1 ./Core/Src/main.o
                0x20000d98                buffer_idx
 .bss.tick      0x20000d99        0x1 ./Core/Src/main.o
                0x20000d99                tick
 .bss.btn_state
                0x20000d9a        0x1 ./Core/Src/main.o
                0x20000d9a                btn_state
 *fill*         0x20000d9b        0x1 
 .bss.network   0x20000d9c        0x4 ./Core/Src/main.o
                0x20000d9c                network
 .bss.input     0x20000da0       0x1c ./Core/Src/main.o
                0x20000da0                input
 .bss.output    0x20000dbc       0x1c ./Core/Src/main.o
                0x20000dbc                output
 .bss.activations
                0x20000dd8     0x20a0 ./Core/Src/main.o
 .bss.__sbrk_heap_end
                0x20002e78        0x4 ./Core/Src/sysmem.o
 .bss.htim11    0x20002e7c       0x48 ./Core/Src/tim.o
                0x20002e7c                htim11
 .bss.huart1    0x20002ec4       0x48 ./Core/Src/usart.o
                0x20002ec4                huart1
 .bss.huart2    0x20002f0c       0x48 ./Core/Src/usart.o
                0x20002f0c                huart2
 .bss.uwTick    0x20002f54        0x4 ./Drivers/STM32F4xx_HAL_Driver/Src/stm32f4xx_hal.o
                0x20002f54                uwTick
 .bss.g_network_activations_map
                0x20002f58        0x4 ./X-CUBE-AI/App/network.o
 .bss.g_network_weights_map
                0x20002f5c        0x4 ./X-CUBE-AI/App/network.o
 .bss.__compound_literal.94
                0x20002f60        0x4 ./X-CUBE-AI/App/network.o
 .bss.__compound_literal.109
                0x20002f64        0x4 ./X-CUBE-AI/App/network.o
 .bss.__compound_literal.110
                0x20002f68        0x4 ./X-CUBE-AI/App/network.o
 .bss.__compound_literal.112
                0x20002f6c       0x10 ./X-CUBE-AI/App/network.o
 .bss.__compound_literal.115
                0x20002f7c        0x4 ./X-CUBE-AI/App/network.o
 .bss.__compound_literal.116
                0x20002f80        0x4 ./X-CUBE-AI/App/network.o
 .bss.__compound_literal.118
                0x20002f84       0x10 ./X-CUBE-AI/App/network.o
 .bss.__compound_literal.124
                0x20002f94       0x10 ./X-CUBE-AI/App/network.o
 .bss.__compound_literal.127
                0x20002fa4        0x4 ./X-CUBE-AI/App/network.o
 .bss.__compound_literal.128
                0x20002fa8        0x4 ./X-CUBE-AI/App/network.o
 .bss.__compound_literal.133
                0x20002fac        0x4 ./X-CUBE-AI/App/network.o
 .bss.__compound_literal.134
                0x20002fb0        0x4 ./X-CUBE-AI/App/network.o
 .bss.__compound_literal.136
                0x20002fb4       0x10 ./X-CUBE-AI/App/network.o
 .bss.__compound_literal.148
                0x20002fc4       0x1c ./X-CUBE-AI/App/network.o
 .bss.__compound_literal.149
                0x20002fe0       0x10 ./X-CUBE-AI/App/network.o
 .bss.__compound_literal.150
                0x20002ff0        0x8 ./X-CUBE-AI/App/network.o
 .bss.__compound_literal.153
                0x20002ff8       0x1c ./X-CUBE-AI/App/network.o
 .bss.__compound_literal.154
                0x20003014       0x10 ./X-CUBE-AI/App/network.o
 .bss.__compound_literal.155
                0x20003024        0x8 ./X-CUBE-AI/App/network.o
 .bss.__malloc_sbrk_start
                0x2000302c        0x4 C:/ST/STM32CubeIDE_1.13.2/STM32CubeIDE/plugins/com.st.stm32cube.ide.mcu.externaltools.gnu-tools-for-stm32.13.3.rel1.win32_1.0.0.202411081344/tools/bin/../lib/gcc/arm-none-eabi/13.3.1/../../../../arm-none-eabi/lib/thumb/v7e-m+fp/hard\libc_nano.a(libc_a-mallocr.o)
                0x2000302c                __malloc_sbrk_start
 .bss.__malloc_free_list
                0x20003030        0x4 C:/ST/STM32CubeIDE_1.13.2/STM32CubeIDE/plugins/com.st.stm32cube.ide.mcu.externaltools.gnu-tools-for-stm32.13.3.rel1.win32_1.0.0.202411081344/tools/bin/../lib/gcc/arm-none-eabi/13.3.1/../../../../arm-none-eabi/lib/thumb/v7e-m+fp/hard\libc_nano.a(libc_a-mallocr.o)
                0x20003030                __malloc_free_list
 .bss.__sf      0x20003034      0x138 C:/ST/STM32CubeIDE_1.13.2/STM32CubeIDE/plugins/com.st.stm32cube.ide.mcu.externaltools.gnu-tools-for-stm32.13.3.rel1.win32_1.0.0.202411081344/tools/bin/../lib/gcc/arm-none-eabi/13.3.1/../../../../arm-none-eabi/lib/thumb/v7e-m+fp/hard\libc_nano.a(libc_a-findfp.o)
                0x20003034                __sf
 .bss.__stdio_exit_handler
                0x2000316c        0x4 C:/ST/STM32CubeIDE_1.13.2/STM32CubeIDE/plugins/com.st.stm32cube.ide.mcu.externaltools.gnu-tools-for-stm32.13.3.rel1.win32_1.0.0.202411081344/tools/bin/../lib/gcc/arm-none-eabi/13.3.1/../../../../arm-none-eabi/lib/thumb/v7e-m+fp/hard\libc_nano.a(libc_a-findfp.o)
                0x2000316c                __stdio_exit_handler
 .bss.errno     0x20003170        0x4 C:/ST/STM32CubeIDE_1.13.2/STM32CubeIDE/plugins/com.st.stm32cube.ide.mcu.externaltools.gnu-tools-for-stm32.13.3.rel1.win32_1.0.0.202411081344/tools/bin/../lib/gcc/arm-none-eabi/13.3.1/../../../../arm-none-eabi/lib/thumb/v7e-m+fp/hard\libc_nano.a(libc_a-reent.o)
                0x20003170                errno
 .bss.__lock___malloc_recursive_mutex
                0x20003174        0x1 C:/ST/STM32CubeIDE_1.13.2/STM32CubeIDE/plugins/com.st.stm32cube.ide.mcu.externaltools.gnu-tools-for-stm32.13.3.rel1.win32_1.0.0.202411081344/tools/bin/../lib/gcc/arm-none-eabi/13.3.1/../../../../arm-none-eabi/lib/thumb/v7e-m+fp/hard\libc_nano.a(libc_a-lock.o)
                0x20003174                __lock___malloc_recursive_mutex
 .bss.__lock___sfp_recursive_mutex
                0x20003175        0x1 C:/ST/STM32CubeIDE_1.13.2/STM32CubeIDE/plugins/com.st.stm32cube.ide.mcu.externaltools.gnu-tools-for-stm32.13.3.rel1.win32_1.0.0.202411081344/tools/bin/../lib/gcc/arm-none-eabi/13.3.1/../../../../arm-none-eabi/lib/thumb/v7e-m+fp/hard\libc_nano.a(libc_a-lock.o)
                0x20003175                __lock___sfp_recursive_mutex
 *(COMMON)
                0x20003178                        . = ALIGN (0x4)
 *fill*         0x20003176        0x2 
                0x20003178                        _ebss = .
                0x20003178                        __bss_end__ = _ebss

._user_heap_stack
                0x20003178     0x1000 load address 0x0800d6c4
                0x20003178                        . = ALIGN (0x8)
                [!provide]                        PROVIDE (end = .)
                0x20003178                        PROVIDE (_end = .)
                0x20003978                        . = (. + _Min_Heap_Size)
 *fill*         0x20003178      0x800 
                0x20004178                        . = (. + _Min_Stack_Size)
 *fill*         0x20003978      0x800 
                0x20004178                        . = ALIGN (0x8)

/DISCARD/
 libc.a(*)
 libm.a(*)
 libgcc.a(*)

.ARM.attributes
                0x00000000       0x30
 *(.ARM.attributes)
 .ARM.attributes
                0x00000000       0x22 C:/ST/STM32CubeIDE_1.13.2/STM32CubeIDE/plugins/com.st.stm32cube.ide.mcu.externaltools.gnu-tools-for-stm32.13.3.rel1.win32_1.0.0.202411081344/tools/bin/../lib/gcc/arm-none-eabi/13.3.1/thumb/v7e-m+fp/hard/crti.o
 .ARM.attributes
                0x00000022       0x34 C:/ST/STM32CubeIDE_1.13.2/STM32CubeIDE/plugins/com.st.stm32cube.ide.mcu.externaltools.gnu-tools-for-stm32.13.3.rel1.win32_1.0.0.202411081344/tools/bin/../lib/gcc/arm-none-eabi/13.3.1/thumb/v7e-m+fp/hard/crtbegin.o
 .ARM.attributes
                0x00000056       0x34 ./Core/Src/crc.o
 .ARM.attributes
                0x0000008a       0x34 ./Core/Src/gpio.o
 .ARM.attributes
                0x000000be       0x34 ./Core/Src/main.o
 .ARM.attributes
                0x000000f2       0x34 ./Core/Src/stm32f4xx_hal_msp.o
 .ARM.attributes
                0x00000126       0x34 ./Core/Src/stm32f4xx_it.o
 .ARM.attributes
                0x0000015a       0x34 ./Core/Src/syscalls.o
 .ARM.attributes
                0x0000018e       0x34 ./Core/Src/sysmem.o
 .ARM.attributes
                0x000001c2       0x34 ./Core/Src/system_stm32f4xx.o