../Core/Src/main.c:88:6:HAL_TIM_PeriodElapsedCallback	16	static
../Core/Src/main.c:93:6:tick_handler	8	static
../Core/Src/main.c:99:6:shift_window	8	static
../Core/Src/main.c:120:6:read_btn	8	static
../Core/Src/main.c:132:6:ai_run_inference	16	static
../Core/Src/main.c:158:6:process_result	24	static
../Core/Src/main.c:204:5:main	24	static
../Core/Src/main.c:283:6:SystemClock_Config	88	static
../Core/Src/main.c:328:5:__io_putchar	16	static
../Core/Src/main.c:339:6:Error_Handler	4	static,ignoring_inline_asm
